Archive member included to satisfy reference by file (symbol)

/Applications/STM32CubeIDE.app/Contents/Eclipse/plugins/com.st.stm32cube.ide.mcu.externaltools.gnu-tools-for-stm32.14.3.rel1.macosaarch64_1.0.0.202602081740/tools/bin/../lib/gcc/arm-none-eabi/14.3.1/../../../../arm-none-eabi/lib/thumb/v7e-m+dp/hard/libc_nano.a(libc_a-exit.o)
                              /Applications/STM32CubeIDE.app/Contents/Eclipse/plugins/com.st.stm32cube.ide.mcu.externaltools.gnu-tools-for-stm32.14.3.rel1.macosaarch64_1.0.0.202602081740/tools/bin/../lib/gcc/arm-none-eabi/14.3.1/../../../../arm-none-eabi/lib/thumb/v7e-m+dp/hard/crt0.o (exit)
/Applications/STM32CubeIDE.app/Contents/Eclipse/plugins/com.st.stm32cube.ide.mcu.externaltools.gnu-tools-for-stm32.14.3.rel1.macosaarch64_1.0.0.202602081740/tools/bin/../lib/gcc/arm-none-eabi/14.3.1/../../../../arm-none-eabi/lib/thumb/v7e-m+dp/hard/libc_nano.a(libc_a-findfp.o)
                              /Applications/STM32CubeIDE.app/Contents/Eclipse/plugins/com.st.stm32cube.ide.mcu.externaltools.gnu-tools-for-stm32.14.3.rel1.macosaarch64_1.0.0.202602081740/tools/bin/../lib/gcc/arm-none-eabi/14.3.1/../../../../arm-none-eabi/lib/thumb/v7e-m+dp/hard/libc_nano.a(libc_a-exit.o) (__stdio_exit_handler)
/Applications/STM32CubeIDE.app/Contents/Eclipse/plugins/com.st.stm32cube.ide.mcu.externaltools.gnu-tools-for-stm32.14.3.rel1.macosaarch64_1.0.0.202602081740/tools/bin/../lib/gcc/arm-none-eabi/14.3.1/../../../../arm-none-eabi/lib/thumb/v7e-m+dp/hard/libc_nano.a(libc_a-fwalk.o)
                              /Applications/STM32CubeIDE.app/Contents/Eclipse/plugins/com.st.stm32cube.ide.mcu.externaltools.gnu-tools-for-stm32.14.3.rel1.macosaarch64_1.0.0.202602081740/tools/bin/../lib/gcc/arm-none-eabi/14.3.1/../../../../arm-none-eabi/lib/thumb/v7e-m+dp/hard/libc_nano.a(libc_a-findfp.o) (_fwalk_sglue)
/Applications/STM32CubeIDE.app/Contents/Eclipse/plugins/com.st.stm32cube.ide.mcu.externaltools.gnu-tools-for-stm32.14.3.rel1.macosaarch64_1.0.0.202602081740/tools/bin/../lib/gcc/arm-none-eabi/14.3.1/../../../../arm-none-eabi/lib/thumb/v7e-m+dp/hard/libc_nano.a(libc_a-puts.o)
                              ./Core/Src/ICM42688P.o (puts)
/Applications/STM32CubeIDE.app/Contents/Eclipse/plugins/com.st.stm32cube.ide.mcu.externaltools.gnu-tools-for-stm32.14.3.rel1.macosaarch64_1.0.0.202602081740/tools/bin/../lib/gcc/arm-none-eabi/14.3.1/../../../../arm-none-eabi/lib/thumb/v7e-m+dp/hard/libc_nano.a(libc_a-memset.o)
                              /Applications/STM32CubeIDE.app/Contents/Eclipse/plugins/com.st.stm32cube.ide.mcu.externaltools.gnu-tools-for-stm32.14.3.rel1.macosaarch64_1.0.0.202602081740/tools/bin/../lib/gcc/arm-none-eabi/14.3.1/../../../../arm-none-eabi/lib/thumb/v7e-m+dp/hard/crt0.o (memset)
/Applications/STM32CubeIDE.app/Contents/Eclipse/plugins/com.st.stm32cube.ide.mcu.externaltools.gnu-tools-for-stm32.14.3.rel1.macosaarch64_1.0.0.202602081740/tools/bin/../lib/gcc/arm-none-eabi/14.3.1/../../../../arm-none-eabi/lib/thumb/v7e-m+dp/hard/libc_nano.a(libc_a-errno.o)
                              ./Core/Src/syscalls.o (__errno)
/Applications/STM32CubeIDE.app/Contents/Eclipse/plugins/com.st.stm32cube.ide.mcu.externaltools.gnu-tools-for-stm32.14.3.rel1.macosaarch64_1.0.0.202602081740/tools/bin/../lib/gcc/arm-none-eabi/14.3.1/../../../../arm-none-eabi/lib/thumb/v7e-m+dp/hard/libc_nano.a(libc_a-init.o)
                              /Applications/STM32CubeIDE.app/Contents/Eclipse/plugins/com.st.stm32cube.ide.mcu.externaltools.gnu-tools-for-stm32.14.3.rel1.macosaarch64_1.0.0.202602081740/tools/bin/../lib/gcc/arm-none-eabi/14.3.1/../../../../arm-none-eabi/lib/thumb/v7e-m+dp/hard/crt0.o (__libc_init_array)
/Applications/STM32CubeIDE.app/Contents/Eclipse/plugins/com.st.stm32cube.ide.mcu.externaltools.gnu-tools-for-stm32.14.3.rel1.macosaarch64_1.0.0.202602081740/tools/bin/../lib/gcc/arm-none-eabi/14.3.1/../../../../arm-none-eabi/lib/thumb/v7e-m+dp/hard/libc_nano.a(libc_a-lock.o)
                              /Applications/STM32CubeIDE.app/Contents/Eclipse/plugins/com.st.stm32cube.ide.mcu.externaltools.gnu-tools-for-stm32.14.3.rel1.macosaarch64_1.0.0.202602081740/tools/bin/../lib/gcc/arm-none-eabi/14.3.1/../../../../arm-none-eabi/lib/thumb/v7e-m+dp/hard/libc_nano.a(libc_a-findfp.o) (__retarget_lock_init_recursive)
/Applications/STM32CubeIDE.app/Contents/Eclipse/plugins/com.st.stm32cube.ide.mcu.externaltools.gnu-tools-for-stm32.14.3.rel1.macosaarch64_1.0.0.202602081740/tools/bin/../lib/gcc/arm-none-eabi/14.3.1/../../../../arm-none-eabi/lib/thumb/v7e-m+dp/hard/libc_nano.a(libc_a-impure.o)
                              /Applications/STM32CubeIDE.app/Contents/Eclipse/plugins/com.st.stm32cube.ide.mcu.externaltools.gnu-tools-for-stm32.14.3.rel1.macosaarch64_1.0.0.202602081740/tools/bin/../lib/gcc/arm-none-eabi/14.3.1/../../../../arm-none-eabi/lib/thumb/v7e-m+dp/hard/libc_nano.a(libc_a-puts.o) (_impure_ptr)
[...]
Memory Configuration

Name             Origin             Length             Attributes
FLASH            0x08000000         0x00200000         xr
DTCMRAM          0x20000000         0x00020000         xrw
RAM_D1           0x24000000         0x00080000         xrw
RAM_D2           0x30000000         0x00048000         xrw
RAM_D3           0x38000000         0x00010000         xrw
ITCMRAM          0x00000000         0x00010000         xrw
*default*        0x00000000         0xffffffff

Linker script and memory map

LOAD /Applications/STM32CubeIDE.app/Contents/Eclipse/plugins/com.st.stm32cube.ide.mcu.externaltools.gnu-tools-for-stm32.14.3.rel1.macosaarch64_1.0.0.202602081740/tools/bin/../lib/gcc/arm-none-eabi/14.3.1/thumb/v7e-m+dp/hard/crti.o
LOAD /Applications/STM32CubeIDE.app/Contents/Eclipse/plugins/com.st.stm32cube.ide.mcu.externaltools.gnu-tools-for-stm32.14.3.rel1.macosaarch64_1.0.0.202602081740/tools/bin/../lib/gcc/arm-none-eabi/14.3.1/thumb/v7e-m+dp/hard/crtbegin.o
LOAD /Applications/STM32CubeIDE.app/Contents/Eclipse/plugins/com.st.stm32cube.ide.mcu.externaltools.gnu-tools-for-stm32.14.3.rel1.macosaarch64_1.0.0.202602081740/tools/bin/../lib/gcc/arm-none-eabi/14.3.1/../../../../arm-none-eabi/lib/thumb/v7e-m+dp/hard/crt0.o
LOAD ./Core/Src/ICM42688P.o
LOAD ./Core/Src/attitude.o
LOAD ./Core/Src/barometre.o
LOAD ./Core/Src/bmp280.o
LOAD ./Core/Src/filter.o
LOAD ./Core/Src/main.o
LOAD ./Core/Src/pid.o
LOAD ./Core/Src/pwm.o
LOAD ./Core/Src/rc_link.o
LOAD ./Core/Src/stm32h7xx_hal_msp.o
LOAD ./Core/Src/stm32h7xx_it.o
LOAD ./Core/Src/syscalls.o
LOAD ./Core/Src/sysmem.o
LOAD ./Core/Src/system_stm32h7xx.o
LOAD ./Core/Src/w25q128_ll.o
LOAD ./Core/Startup/startup_stm32h743vitx.o
LOAD ./Drivers/STM32H7xx_HAL_Driver/Src/stm32h7xx_hal.o
LOAD ./Drivers/STM32H7xx_HAL_Driver/Src/stm32h7xx_hal_cortex.o
LOAD ./Drivers/STM32H7xx_HAL_Driver/Src/stm32h7xx_hal_dma.o
LOAD ./Drivers/STM32H7xx_HAL_Driver/Src/stm32h7xx_hal_dma_ex.o
LOAD ./Drivers/STM32H7xx_HAL_Driver/Src/stm32h7xx_hal_exti.o
LOAD ./Drivers/STM32H7xx_HAL_Driver/Src/stm32h7xx_hal_flash.o
LOAD ./Drivers/STM32H7xx_HAL_Driver/Src/stm32h7xx_hal_flash_ex.o
LOAD ./Drivers/STM32H7xx_HAL_Driver/Src/stm32h7xx_hal_gpio.o
LOAD ./Drivers/STM32H7xx_HAL_Driver/Src/stm32h7xx_hal_hsem.o
LOAD ./Drivers/STM32H7xx_HAL_Driver/Src/stm32h7xx_hal_i2c.o
LOAD ./Drivers/STM32H7xx_HAL_Driver/Src/stm32h7xx_hal_i2c_ex.o
LOAD ./Drivers/STM32H7xx_HAL_Driver/Src/stm32h7xx_hal_mdma.o
LOAD ./Drivers/STM32H7xx_HAL_Driver/Src/stm32h7xx_hal_pcd.o
LOAD ./Drivers/STM32H7xx_HAL_Driver/Src/stm32h7xx_hal_pcd_ex.o
LOAD ./Drivers/STM32H7xx_HAL_Driver/Src/stm32h7xx_hal_pwr.o
LOAD ./Drivers/STM32H7xx_HAL_Driver/Src/stm32h7xx_hal_pwr_ex.o
LOAD ./Drivers/STM32H7xx_HAL_Driver/Src/stm32h7xx_hal_rcc.o
LOAD ./Drivers/STM32H7xx_HAL_Driver/Src/stm32h7xx_hal_rcc_ex.o
LOAD ./Drivers/STM32H7xx_HAL_Driver/Src/stm32h7xx_hal_spi.o
LOAD ./Drivers/STM32H7xx_HAL_Driver/Src/stm32h7xx_hal_spi_ex.o
LOAD ./Drivers/STM32H7xx_HAL_Driver/Src/stm32h7xx_hal_tim.o
LOAD ./Drivers/STM32H7xx_HAL_Driver/Src/stm32h7xx_hal_tim_ex.o
LOAD ./Drivers/STM32H7xx_HAL_Driver/Src/stm32h7xx_hal_uart.o
LOAD ./Drivers/STM32H7xx_HAL_Driver/Src/stm32h7xx_hal_uart_ex.o
LOAD ./Drivers/STM32H7xx_HAL_Driver/Src/stm32h7xx_ll_usb.o
LOAD ./Middlewares/ST/STM32_USB_Device_Library/Class/CDC/Src/usbd_cdc.o
LOAD ./Middlewares/ST/STM32_USB_Device_Library/Core/Src/usbd_core.o
LOAD ./Middlewares/ST/STM32_USB_Device_Library/Core/Src/usbd_ctlreq.o
LOAD ./Middlewares/ST/STM32_USB_Device_Library/Core/Src/usbd_ioreq.o
LOAD ./USB_DEVICE/App/usb_device.o
LOAD ./USB_DEVICE/App/usbd_cdc_if.o
LOAD ./USB_DEVICE/App/usbd_desc.o
LOAD ./USB_DEVICE/Target/usbd_conf.o
START GROUP
LOAD /Applications/STM32CubeIDE.app/Contents/Eclipse/plugins/com.st.stm32cube.ide.mcu.externaltools.gnu-tools-for-stm32.14.3.rel1.macosaarch64_1.0.0.202602081740/tools/bin/../lib/gcc/arm-none-eabi/14.3.1/../../../../arm-none-eabi/lib/thumb/v7e-m+dp/hard/libc_nano.a
LOAD /Applications/STM32CubeIDE.app/Contents/Eclipse/plugins/com.st.stm32cube.ide.mcu.externaltools.gnu-tools-for-stm32.14.3.rel1.macosaarch64_1.0.0.202602081740/tools/bin/../lib/gcc/arm-none-eabi/14.3.1/../../../../arm-none-eabi/lib/thumb/v7e-m+dp/hard/libm.a
END GROUP
START GROUP
LOAD /Applications/STM32CubeIDE.app/Contents/Eclipse/plugins/com.st.stm32cube.ide.mcu.externaltools.gnu-tools-for-stm32.14.3.rel1.macosaarch64_1.0.0.202602081740/tools/bin/../lib/gcc/arm-none-eabi/14.3.1/thumb/v7e-m+dp/hard/libgcc.a
LOAD /Applications/STM32CubeIDE.app/Contents/Eclipse/plugins/com.st.stm32cube.ide.mcu.externaltools.gnu-tools-for-stm32.14.3.rel1.macosaarch64_1.0.0.202602081740/tools/bin/../lib/gcc/arm-none-eabi/14.3.1/../../../../arm-none-eabi/lib/thumb/v7e-m+dp/hard/libc_nano.a
END GROUP
START GROUP
LOAD /Applications/STM32CubeIDE.app/Contents/Eclipse/plugins/com.st.stm32cube.ide.mcu.externaltools.gnu-tools-for-stm32.14.3.rel1.macosaarch64_1.0.0.202602081740/tools/bin/../lib/gcc/arm-none-eabi/14.3.1/thumb/v7e-m+dp/hard/libgcc.a
LOAD /Applications/STM32CubeIDE.app/Contents/Eclipse/plugins/com.st.stm32cube.ide.mcu.externaltools.gnu-tools-for-stm32.14.3.rel1.macosaarch64_1.0.0.202602081740/tools/bin/../lib/gcc/arm-none-eabi/14.3.1/../../../../arm-none-eabi/lib/thumb/v7e-m+dp/hard/libc_nano.a
LOAD /Applications/STM32CubeIDE.app/Contents/Eclipse/plugins/com.st.stm32cube.ide.mcu.externaltools.gnu-tools-for-stm32.14.3.rel1.macosaarch64_1.0.0.202602081740/tools/bin/../lib/gcc/arm-none-eabi/14.3.1/../../../../arm-none-eabi/lib/thumb/v7e-m+dp/hard/libnosys.a
END GROUP
START GROUP
LOAD /Applications/STM32CubeIDE.app/Contents/Eclipse/plugins/com.st.stm32cube.ide.mcu.externaltools.gnu-tools-for-stm32.14.3.rel1.macosaarch64_1.0.0.202602081740/tools/bin/../lib/gcc/arm-none-eabi/14.3.1/thumb/v7e-m+dp/hard/libgcc.a
LOAD /Applications/STM32CubeIDE.app/Contents/Eclipse/plugins/com.st.stm32cube.ide.mcu.externaltools.gnu-tools-for-stm32.14.3.rel1.macosaarch64_1.0.0.202602081740/tools/bin/../lib/gcc/arm-none-eabi/14.3.1/../../../../arm-none-eabi/lib/thumb/v7e-m+dp/hard/libc_nano.a
LOAD /Applications/STM32CubeIDE.app/Contents/Eclipse/plugins/com.st.stm32cube.ide.mcu.externaltools.gnu-tools-for-stm32.14.3.rel1.macosaarch64_1.0.0.202602081740/tools/bin/../lib/gcc/arm-none-eabi/14.3.1/../../../../arm-none-eabi/lib/thumb/v7e-m+dp/hard/libnosys.a
END GROUP
LOAD /Applications/STM32CubeIDE.app/Contents/Eclipse/plugins/com.st.stm32cube.ide.mcu.externaltools.gnu-tools-for-stm32.14.3.rel1.macosaarch64_1.0.0.202602081740/tools/bin/../lib/gcc/arm-none-eabi/14.3.1/thumb/v7e-m+dp/hard/crtend.o
LOAD /Applications/STM32CubeIDE.app/Contents/Eclipse/plugins/com.st.stm32cube.ide.mcu.externaltools.gnu-tools-for-stm32.14.3.rel1.macosaarch64_1.0.0.202602081740/tools/bin/../lib/gcc/arm-none-eabi/14.3.1/thumb/v7e-m+dp/hard/crtn.o
                0x24080000                        _estack = (ORIGIN (RAM_D1) + LENGTH (RAM_D1))
                0x00000200                        _Min_Heap_Size = 0x200
                0x00000400                        _Min_Stack_Size = 0x400

.isr_vector     0x08000000      0x298
                0x08000000                        . = ALIGN (0x4)
 *(.isr_vector)
 .isr_vector    0x08000000      0x298 ./Core/Startup/startup_stm32h743vitx.o
                0x08000000                g_pfnVectors
                0x08000298                        . = ALIGN (0x4)

.text           0x08000298    0x16918
                0x08000298                        . = ALIGN (0x4)
 *(.text)
 .text          0x08000298       0x40 /Applications/STM32CubeIDE.app/Contents/Eclipse/plugins/com.st.stm32cube.ide.mcu.externaltools.gnu-tools-for-stm32.14.3.rel1.macosaarch64_1.0.0.202602081740/tools/bin/../lib/gcc/arm-none-eabi/14.3.1/thumb/v7e-m+dp/hard/crtbegin.o
 .text          0x080002d8       0xa0 /Applications/STM32CubeIDE.app/Contents/Eclipse/plugins/com.st.stm32cube.ide.mcu.externaltools.gnu-tools-for-stm32.14.3.rel1.macosaarch64_1.0.0.202602081740/tools/bin/../lib/gcc/arm-none-eabi/14.3.1/thumb/v7e-m+dp/hard/libgcc.a(_aeabi_ldivmod.o)
                0x080002d8                __aeabi_ldivmod
 .text          0x08000378       0x30 /Applications/STM32CubeIDE.app/Contents/Eclipse/plugins/com.st.stm32cube.ide.mcu.externaltools.gnu-tools-for-stm32.14.3.rel1.macosaarch64_1.0.0.202602081740/tools/bin/../lib/gcc/arm-none-eabi/14.3.1/thumb/v7e-m+dp/hard/libgcc.a(_aeabi_uldivmod.o)
                0x08000378                __aeabi_uldivmod
 .text          0x080003a8      0x2f8 /Applications/STM32CubeIDE.app/Contents/Eclipse/plugins/com.st.stm32cube.ide.mcu.externaltools.gnu-tools-for-stm32.14.3.rel1.macosaarch64_1.0.0.202602081740/tools/bin/../lib/gcc/arm-none-eabi/14.3.1/thumb/v7e-m+dp/hard/libgcc.a(_udivmoddi4.o)
                0x080003a8                __udivmoddi4
 .text          0x080006a0        0x4 /Applications/STM32CubeIDE.app/Contents/Eclipse/plugins/com.st.stm32cube.ide.mcu.externaltools.gnu-tools-for-stm32.14.3.rel1.macosaarch64_1.0.0.202602081740/tools/bin/../lib/gcc/arm-none-eabi/14.3.1/thumb/v7e-m+dp/hard/libgcc.a(_dvmd_tls.o)
                0x080006a0                __aeabi_ldiv0
                0x080006a0                __aeabi_idiv0
 *(.text*)
 .text.hal_Spi2_ReadWriteByte
                0x080006a4       0x38 ./Core/Src/ICM42688P.o
                0x080006a4                hal_Spi2_ReadWriteByte
 .text.Icm_Spi_ReadWriteNbytes
                0x080006dc       0x42 ./Core/Src/ICM42688P.o
                0x080006dc                Icm_Spi_ReadWriteNbytes
 *fill*         0x0800071e        0x2 
 .text.ICM42688P_ReadReg
                0x08000720       0x54 ./Core/Src/ICM42688P.o
                0x08000720                ICM42688P_ReadReg
 .text.ICM42688P_WriteReg
                0x08000774       0x54 ./Core/Src/ICM42688P.o
                0x08000774                ICM42688P_WriteReg
 .text.ICM42688P_Init
                0x080007c8       0x70 ./Core/Src/ICM42688P.o
                0x080007c8                ICM42688P_Init
 .text.ICM42688P_ConvertAccel
                0x08000838       0x30 ./Core/Src/ICM42688P.o
                0x08000838                ICM42688P_ConvertAccel
 .text.ICM42688P_ConvertGyro
                0x08000868       0x30 ./Core/Src/ICM42688P.o
                0x08000868                ICM42688P_ConvertGyro
 .text.ICM42688P_ConvertTemp
                0x08000898       0x38 ./Core/Src/ICM42688P.o
                0x08000898                ICM42688P_ConvertTemp
 .text.ICM42688P_decode
                0x080008d0      0x134 ./Core/Src/ICM42688P.o
                0x080008d0                ICM42688P_decode
 .text.ICM42688P_GetData
                0x08000a04       0x6c ./Core/Src/ICM42688P.o
                0x08000a04                ICM42688P_GetData
 .text.Update_Orientation_Quaternion
                0x08000a70      0x270 ./Core/Src/attitude.o
                0x08000a70                Update_Orientation_Quaternion
 .text.Quaternion_To_Euler
                0x08000ce0      0x1bc ./Core/Src/attitude.o
                0x08000ce0                Quaternion_To_Euler
 .text.readBarometre
                0x08000e9c       0x4c ./Core/Src/barometre.o
                0x08000e9c                readBarometre
 .text.obtenirDonneesCompensees
                0x08000ee8       0xa0 ./Core/Src/barometre.o
                0x08000ee8                obtenirDonneesCompensees
 .text.calculerAltitude
                0x08000f88       0x64 ./Core/Src/barometre.o
 .text.obtenirAltitudeRelative
                0x08000fec       0x44 ./Core/Src/barometre.o
                0x08000fec                obtenirAltitudeRelative
 .text.read_data
                0x08001030       0x4a ./Core/Src/bmp280.o
 .text.compensate_temperature
                0x0800107a       0x72 ./Core/Src/bmp280.o
                0x0800107a                compensate_temperature
 .text.compensate_pressure
                0x080010ec      0x56a ./Core/Src/bmp280.o
                0x080010ec                compensate_pressure
 .text.compensate_humidity
                0x08001656       0xbe ./Core/Src/bmp280.o
 .text.bmp280_read_fixed
                0x08001714       0xca ./Core/Src/bmp280.o
                0x08001714                bmp280_read_fixed
 *fill*         0x080017de        0x2 
 .text.Filtre_PT1_3Axes_Init
                0x080017e0       0x90 ./Core/Src/filter.o
                0x080017e0                Filtre_PT1_3Axes_Init
 .text.LPF_Gyro_PT1
                0x08001870       0xa0 ./Core/Src/filter.o
                0x08001870                LPF_Gyro_PT1
 .text.LPF_Accel_PT1
                0x08001910       0xa0 ./Core/Src/filter.o
                0x08001910                LPF_Accel_PT1
 .text.main     0x080019b0      0x204 ./Core/Src/main.o
                0x080019b0                main
 .text.SystemClock_Config
                0x08001bb4       0xf8 ./Core/Src/main.o
                0x08001bb4                SystemClock_Config
 .text.MX_I2C2_Init
                0x08001cac       0x80 ./Core/Src/main.o
 .text.MX_SPI2_Init
                0x08001d2c       0xac ./Core/Src/main.o
 .text.MX_SPI3_Init
                0x08001dd8       0xac ./Core/Src/main.o
 .text.MX_TIM5_Init
                0x08001e84      0x130 ./Core/Src/main.o
 .text.MX_UART7_Init
                0x08001fb4       0x98 ./Core/Src/main.o
 .text.MX_DMA_Init
                0x0800204c       0xf0 ./Core/Src/main.o
 .text.MX_GPIO_Init
                0x0800213c      0x134 ./Core/Src/main.o
 .text.MPU_Config
                0x08002270       0x58 ./Core/Src/main.o
 .text.Error_Handler
                0x080022c8        0xc ./Core/Src/main.o
                0x080022c8                Error_Handler
 .text.InitState
                0x080022d4       0x60 ./Core/Src/pid.o
                0x080022d4                InitState
 .text.computePower
                0x08002334       0x34 ./Core/Src/pwm.o
                0x08002334                computePower
 .text.setMotor1
                0x08002368       0x28 ./Core/Src/pwm.o
                0x08002368                setMotor1
 .text.setMotor2
                0x08002390       0x28 ./Core/Src/pwm.o
                0x08002390                setMotor2
 .text.setMotor3
                0x080023b8       0x28 ./Core/Src/pwm.o
                0x080023b8                setMotor3
 .text.setMotor4
                0x080023e0       0x28 ./Core/Src/pwm.o
                0x080023e0                setMotor4
 .text.ComputeChecksum
                0x08002408       0x3a ./Core/Src/rc_link.o
 *fill*         0x08002442        0x2 
 .text.RC_Init  0x08002444       0x40 ./Core/Src/rc_link.o
                0x08002444                RC_Init
 .text.HAL_UART_RxCpltCallback
                0x08002484      0x148 ./Core/Src/rc_link.o
                0x08002484                HAL_UART_RxCpltCallback
 .text.HAL_UART_ErrorCallback
                0x080025cc       0x54 ./Core/Src/rc_link.o
                0x080025cc                HAL_UART_ErrorCallback
 .text.HAL_MspInit
                0x08002620       0x34 ./Core/Src/stm32h7xx_hal_msp.o
                0x08002620                HAL_MspInit
 .text.HAL_I2C_MspInit
                0x08002654      0x19c ./Core/Src/stm32h7xx_hal_msp.o
                0x08002654                HAL_I2C_MspInit
 .text.HAL_SPI_MspInit
                0x080027f0      0x3c8 ./Core/Src/stm32h7xx_hal_msp.o
                0x080027f0                HAL_SPI_MspInit
 .text.HAL_TIM_Base_MspInit
                0x08002bb8      0x1e4 ./Core/Src/stm32h7xx_hal_msp.o
                0x08002bb8                HAL_TIM_Base_MspInit
 .text.HAL_TIM_MspPostInit
                0x08002d9c       0x74 ./Core/Src/stm32h7xx_hal_msp.o
                0x08002d9c                HAL_TIM_MspPostInit
 .text.HAL_UART_MspInit
                0x08002e10       0xe4 ./Core/Src/stm32h7xx_hal_msp.o
                0x08002e10                HAL_UART_MspInit
 .text.NMI_Handler
                0x08002ef4        0x8 ./Core/Src/stm32h7xx_it.o
                0x08002ef4                NMI_Handler
 .text.HardFault_Handler
                0x08002efc        0x8 ./Core/Src/stm32h7xx_it.o
                0x08002efc                HardFault_Handler
 .text.MemManage_Handler
                0x08002f04        0x8 ./Core/Src/stm32h7xx_it.o
                0x08002f04                MemManage_Handler
 .text.BusFault_Handler
                0x08002f0c        0x8 ./Core/Src/stm32h7xx_it.o
                0x08002f0c                BusFault_Handler
 .text.UsageFault_Handler
                0x08002f14        0x8 ./Core/Src/stm32h7xx_it.o
                0x08002f14                UsageFault_Handler
 .text.SVC_Handler
                0x08002f1c        0xe ./Core/Src/stm32h7xx_it.o
                0x08002f1c                SVC_Handler
 .text.DebugMon_Handler
                0x08002f2a        0xe ./Core/Src/stm32h7xx_it.o
                0x08002f2a                DebugMon_Handler
 .text.PendSV_Handler
                0x08002f38        0xe ./Core/Src/stm32h7xx_it.o
                0x08002f38                PendSV_Handler
 .text.SysTick_Handler
                0x08002f46        0xc ./Core/Src/stm32h7xx_it.o
                0x08002f46                SysTick_Handler
 *fill*         0x08002f52        0x2 
 .text.DMA1_Stream0_IRQHandler
                0x08002f54       0x14 ./Core/Src/stm32h7xx_it.o
                0x08002f54                DMA1_Stream0_IRQHandler
 .text.DMA1_Stream1_IRQHandler
                0x08002f68       0x14 ./Core/Src/stm32h7xx_it.o
                0x08002f68                DMA1_Stream1_IRQHandler
 .text.DMA1_Stream2_IRQHandler
                0x08002f7c       0x14 ./Core/Src/stm32h7xx_it.o
                0x08002f7c                DMA1_Stream2_IRQHandler
 .text.DMA1_Stream3_IRQHandler
                0x08002f90       0x14 ./Core/Src/stm32h7xx_it.o
                0x08002f90                DMA1_Stream3_IRQHandler
 .text.DMA1_Stream4_IRQHandler
                0x08002fa4       0x14 ./Core/Src/stm32h7xx_it.o
                0x08002fa4                DMA1_Stream4_IRQHandler
 .text.DMA1_Stream5_IRQHandler
                0x08002fb8       0x14 ./Core/Src/stm32h7xx_it.o
                0x08002fb8                DMA1_Stream5_IRQHandler
 .text.DMA1_Stream6_IRQHandler
                0x08002fcc       0x14 ./Core/Src/stm32h7xx_it.o
                0x08002fcc                DMA1_Stream6_IRQHandler
 .text.SPI2_IRQHandler
                0x08002fe0       0x14 ./Core/Src/stm32h7xx_it.o
                0x08002fe0                SPI2_IRQHandler
 .text.DMA1_Stream7_IRQHandler
                0x08002ff4       0x14 ./Core/Src/stm32h7xx_it.o
                0x08002ff4                DMA1_Stream7_IRQHandler
 .text.SPI3_IRQHandler
                0x08003008       0x14 ./Core/Src/stm32h7xx_it.o
                0x08003008                SPI3_IRQHandler
 .text.DMA2_Stream0_IRQHandler
                0x0800301c       0x14 ./Core/Src/stm32h7xx_it.o
                0x0800301c                DMA2_Stream0_IRQHandler
 .text.DMA2_Stream1_IRQHandler
                0x08003030       0x14 ./Core/Src/stm32h7xx_it.o
                0x08003030                DMA2_Stream1_IRQHandler
 .text.UART7_IRQHandler
                0x08003044       0x14 ./Core/Src/stm32h7xx_it.o
                0x08003044                UART7_IRQHandler
 .text.OTG_FS_IRQHandler
                0x08003058       0x14 ./Core/Src/stm32h7xx_it.o
                0x08003058                OTG_FS_IRQHandler
 .text._read    0x0800306c       0x3a ./Core/Src/syscalls.o
                0x0800306c                _read
 .text._write   0x080030a6       0x38 ./Core/Src/syscalls.o
                0x080030a6                _write
 .text._close   0x080030de       0x18 ./Core/Src/syscalls.o
                0x080030de                _close
 .text._fstat   0x080030f6       0x20 ./Core/Src/syscalls.o
                0x080030f6                _fstat
 .text._isatty  0x08003116       0x16 ./Core/Src/syscalls.o
                0x08003116                _isatty
 .text._lseek   0x0800312c       0x1a ./Core/Src/syscalls.o
                0x0800312c                _lseek
 *fill*         0x08003146        0x2 
 .text._sbrk    0x08003148       0x6c ./Core/Src/sysmem.o
                0x08003148                _sbrk
 .text.SystemInit
                0x080031b4      0x140 ./Core/Src/system_stm32h7xx.o
                0x080031b4                SystemInit
 .text.ExitRun0Mode
                0x080032f4       0x18 ./Core/Src/system_stm32h7xx.o
                0x080032f4                ExitRun0Mode
 .text.Reset_Handler
                0x0800330c       0x54 ./Core/Startup/startup_stm32h743vitx.o
                0x0800330c                Reset_Handler
 .text.Default_Handler
                0x08003360        0x2 ./Core/Startup/startup_stm32h743vitx.o
                0x08003360                SAI1_IRQHandler
                0x08003360                EXTI2_IRQHandler
                0x08003360                TIM8_CC_IRQHandler
                0x08003360                HRTIM1_Master_IRQHandler
                0x08003360                UART8_IRQHandler
                0x08003360                SPI4_IRQHandler
                0x08003360                TIM1_CC_IRQHandler
                0x08003360                BDMA_Channel6_IRQHandler
                0x08003360                DMA2_Stream5_IRQHandler
                0x08003360                HRTIM1_FLT_IRQHandler
                0x08003360                JPEG_IRQHandler
                0x08003360                BDMA_Channel1_IRQHandler
                0x08003360                HRTIM1_TIMD_IRQHandler
                0x08003360                TAMP_STAMP_IRQHandler
                0x08003360                EXTI3_IRQHandler
                0x08003360                LPTIM4_IRQHandler
                0x08003360                TIM8_TRG_COM_TIM14_IRQHandler
                0x08003360                LPTIM2_IRQHandler
                0x08003360                DFSDM1_FLT1_IRQHandler
                0x08003360                DMAMUX2_OVR_IRQHandler
                0x08003360                TIM8_UP_TIM13_IRQHandler
                0x08003360                I2C3_ER_IRQHandler
                0x08003360                DFSDM1_FLT2_IRQHandler
                0x08003360                MDMA_IRQHandler
                0x08003360                LPTIM3_IRQHandler
                0x08003360                HSEM1_IRQHandler
                0x08003360                EXTI0_IRQHandler
                0x08003360                I2C2_EV_IRQHandler
                0x08003360                FPU_IRQHandler
                0x08003360                OTG_HS_WKUP_IRQHandler
                0x08003360                FDCAN1_IT1_IRQHandler
                0x08003360                LTDC_ER_IRQHandler
                0x08003360                DMA2_Stream2_IRQHandler
                0x08003360                HRTIM1_TIME_IRQHandler
                0x08003360                SPI1_IRQHandler
                0x08003360                TIM6_DAC_IRQHandler
                0x08003360                DCMI_IRQHandler
                0x08003360                HRTIM1_TIMC_IRQHandler
                0x08003360                DMA2_Stream3_IRQHandler
                0x08003360                SAI2_IRQHandler
                0x08003360                DFSDM1_FLT3_IRQHandler
                0x08003360                USART6_IRQHandler
                0x08003360                TIM17_IRQHandler
                0x08003360                USART3_IRQHandler
                0x08003360                BDMA_Channel7_IRQHandler
                0x08003360                LPTIM5_IRQHandler
                0x08003360                UART5_IRQHandler
                0x08003360                ADC3_IRQHandler
                0x08003360                TIM4_IRQHandler
                0x08003360                BDMA_Channel2_IRQHandler
                0x08003360                QUADSPI_IRQHandler
                0x08003360                I2C1_EV_IRQHandler
                0x08003360                DMAMUX1_OVR_IRQHandler
                0x08003360                TIM16_IRQHandler
                0x08003360                UART4_IRQHandler
                0x08003360                BDMA_Channel5_IRQHandler
                0x08003360                TIM3_IRQHandler
                0x08003360                RCC_IRQHandler
                0x08003360                TIM8_BRK_TIM12_IRQHandler
                0x08003360                TIM1_TRG_COM_IRQHandler
                0x08003360                Default_Handler
                0x08003360                ECC_IRQHandler
                0x08003360                CEC_IRQHandler
                0x08003360                EXTI15_10_IRQHandler
                0x08003360                BDMA_Channel0_IRQHandler
                0x08003360                ADC_IRQHandler
                0x08003360                HRTIM1_TIMA_IRQHandler
                0x08003360                SPI5_IRQHandler
                0x08003360                TIM7_IRQHandler
                0x08003360                SDMMC1_IRQHandler
                0x08003360                TIM5_IRQHandler
                0x08003360                DMA2_Stream7_IRQHandler
                0x08003360                TIM15_IRQHandler
                0x08003360                PVD_AVD_IRQHandler
                0x08003360                I2C3_EV_IRQHandler
                0x08003360                EXTI9_5_IRQHandler
                0x08003360                RTC_WKUP_IRQHandler
                0x08003360                LTDC_IRQHandler
                0x08003360                SAI3_IRQHandler
                0x08003360                ETH_WKUP_IRQHandler
                0x08003360                SPDIF_RX_IRQHandler
                0x08003360                OTG_HS_EP1_IN_IRQHandler
                0x08003360                CRS_IRQHandler
                0x08003360                EXTI4_IRQHandler
                0x08003360                RNG_IRQHandler
                0x08003360                HRTIM1_TIMB_IRQHandler
                0x08003360                FDCAN2_IT1_IRQHandler
                0x08003360                ETH_IRQHandler
                0x08003360                TIM1_UP_IRQHandler
                0x08003360                BDMA_Channel4_IRQHandler
                0x08003360                OTG_HS_EP1_OUT_IRQHandler
                0x08003360                WWDG_IRQHandler
                0x08003360                SPI6_IRQHandler
                0x08003360                MDIOS_IRQHandler
                0x08003360                I2C4_EV_IRQHandler
                0x08003360                FDCAN2_IT0_IRQHandler
                0x08003360                LPUART1_IRQHandler
                0x08003360                FDCAN1_IT0_IRQHandler
                0x08003360                TIM2_IRQHandler
                0x08003360                OTG_FS_WKUP_IRQHandler
                0x08003360                OTG_HS_IRQHandler
                0x08003360                DMA2D_IRQHandler
                0x08003360                TIM1_BRK_IRQHandler
                0x08003360                EXTI1_IRQHandler
                0x08003360                SDMMC2_IRQHandler
                0x08003360                OTG_FS_EP1_OUT_IRQHandler
                0x08003360                BDMA_Channel3_IRQHandler
                0x08003360                MDIOS_WKUP_IRQHandler
                0x08003360                USART2_IRQHandler
                0x08003360                DFSDM1_FLT0_IRQHandler
                0x08003360                SAI4_IRQHandler
                0x08003360                I2C2_ER_IRQHandler
                0x08003360                FLASH_IRQHandler
                0x08003360                DMA2_Stream4_IRQHandler
                0x08003360                USART1_IRQHandler
                0x08003360                WAKEUP_PIN_IRQHandler
                0x08003360                OTG_FS_EP1_IN_IRQHandler
                0x08003360                I2C1_ER_IRQHandler
                0x08003360                FMC_IRQHandler
                0x08003360                FDCAN_CAL_IRQHandler
                0x08003360                SWPMI1_IRQHandler
                0x08003360                COMP1_IRQHandler
                0x08003360                LPTIM1_IRQHandler
                0x08003360                I2C4_ER_IRQHandler
                0x08003360                DMA2_Stream6_IRQHandler
                0x08003360                RTC_Alarm_IRQHandler
 *fill*         0x08003362        0x2 
 .text.HAL_Init
                0x08003364       0x78 ./Drivers/STM32H7xx_HAL_Driver/Src/stm32h7xx_hal.o
                0x08003364                HAL_Init
 .text.HAL_InitTick
                0x080033dc       0x6c ./Drivers/STM32H7xx_HAL_Driver/Src/stm32h7xx_hal.o
                0x080033dc                HAL_InitTick
 .text.HAL_IncTick
                0x08003448       0x28 ./Drivers/STM32H7xx_HAL_Driver/Src/stm32h7xx_hal.o
                0x08003448                HAL_IncTick
 .text.HAL_GetTick
                0x08003470       0x18 ./Drivers/STM32H7xx_HAL_Driver/Src/stm32h7xx_hal.o
                0x08003470                HAL_GetTick
 .text.HAL_Delay
                0x08003488       0x48 ./Drivers/STM32H7xx_HAL_Driver/Src/stm32h7xx_hal.o
                0x08003488                HAL_Delay
 .text.HAL_GetREVID
                0x080034d0       0x18 ./Drivers/STM32H7xx_HAL_Driver/Src/stm32h7xx_hal.o
                0x080034d0                HAL_GetREVID
 .text.__NVIC_SetPriorityGrouping
                0x080034e8       0x48 ./Drivers/STM32H7xx_HAL_Driver/Src/stm32h7xx_hal_cortex.o
 .text.__NVIC_GetPriorityGrouping
                0x08003530       0x1c ./Drivers/STM32H7xx_HAL_Driver/Src/stm32h7xx_hal_cortex.o
 .text.__NVIC_EnableIRQ
                0x0800354c       0x3c ./Drivers/STM32H7xx_HAL_Driver/Src/stm32h7xx_hal_cortex.o
 .text.__NVIC_SetPriority
                0x08003588       0x54 ./Drivers/STM32H7xx_HAL_Driver/Src/stm32h7xx_hal_cortex.o
 .text.NVIC_EncodePriority
                0x080035dc       0x66 ./Drivers/STM32H7xx_HAL_Driver/Src/stm32h7xx_hal_cortex.o
 *fill*         0x08003642        0x2 
 .text.SysTick_Config
                0x08003644       0x44 ./Drivers/STM32H7xx_HAL_Driver/Src/stm32h7xx_hal_cortex.o
 .text.HAL_NVIC_SetPriorityGrouping
                0x08003688       0x16 ./Drivers/STM32H7xx_HAL_Driver/Src/stm32h7xx_hal_cortex.o
                0x08003688                HAL_NVIC_SetPriorityGrouping
 .text.HAL_NVIC_SetPriority
                0x0800369e       0x34 ./Drivers/STM32H7xx_HAL_Driver/Src/stm32h7xx_hal_cortex.o
                0x0800369e                HAL_NVIC_SetPriority
 .text.HAL_NVIC_EnableIRQ
                0x080036d2       0x1c ./Drivers/STM32H7xx_HAL_Driver/Src/stm32h7xx_hal_cortex.o
                0x080036d2                HAL_NVIC_EnableIRQ
 .text.HAL_SYSTICK_Config
                0x080036ee       0x18 ./Drivers/STM32H7xx_HAL_Driver/Src/stm32h7xx_hal_cortex.o
                0x080036ee                HAL_SYSTICK_Config
 *fill*         0x08003706        0x2 
 .text.HAL_MPU_Disable
                0x08003708       0x30 ./Drivers/STM32H7xx_HAL_Driver/Src/stm32h7xx_hal_cortex.o
                0x08003708                HAL_MPU_Disable
 .text.HAL_MPU_Enable
                0x08003738       0x40 ./Drivers/STM32H7xx_HAL_Driver/Src/stm32h7xx_hal_cortex.o
                0x08003738                HAL_MPU_Enable
 .text.HAL_MPU_ConfigRegion
                0x08003778       0x80 ./Drivers/STM32H7xx_HAL_Driver/Src/stm32h7xx_hal_cortex.o
                0x08003778                HAL_MPU_ConfigRegion
 .text.HAL_DMA_Init
                0x080037f8      0x6b8 ./Drivers/STM32H7xx_HAL_Driver/Src/stm32h7xx_hal_dma.o
                0x080037f8                HAL_DMA_Init
 .text.HAL_DMA_Start_IT
                0x08003eb0      0x4d4 ./Drivers/STM32H7xx_HAL_Driver/Src/stm32h7xx_hal_dma.o
                0x08003eb0                HAL_DMA_Start_IT
 .text.HAL_DMA_Abort
                0x08004384      0x63c ./Drivers/STM32H7xx_HAL_Driver/Src/stm32h7xx_hal_dma.o
                0x08004384                HAL_DMA_Abort
 .text.HAL_DMA_Abort_IT
                0x080049c0      0x48c ./Drivers/STM32H7xx_HAL_Driver/Src/stm32h7xx_hal_dma.o
                0x080049c0                HAL_DMA_Abort_IT
 .text.HAL_DMA_IRQHandler
                0x08004e4c      0xe54 ./Drivers/STM32H7xx_HAL_Driver/Src/stm32h7xx_hal_dma.o
                0x08004e4c                HAL_DMA_IRQHandler
 .text.HAL_DMA_GetState
                0x08005ca0       0x1c ./Drivers/STM32H7xx_HAL_Driver/Src/stm32h7xx_hal_dma.o
                0x08005ca0                HAL_DMA_GetState
 .text.HAL_DMA_GetError
                0x08005cbc       0x18 ./Drivers/STM32H7xx_HAL_Driver/Src/stm32h7xx_hal_dma.o
                0x08005cbc                HAL_DMA_GetError
 .text.DMA_SetConfig
                0x08005cd4      0x358 ./Drivers/STM32H7xx_HAL_Driver/Src/stm32h7xx_hal_dma.o
 .text.DMA_CalcBaseAndBitshift
                0x0800602c      0x164 ./Drivers/STM32H7xx_HAL_Driver/Src/stm32h7xx_hal_dma.o
 .text.DMA_CheckFifoParam
                0x08006190       0xf8 ./Drivers/STM32H7xx_HAL_Driver/Src/stm32h7xx_hal_dma.o
 .text.DMA_CalcDMAMUXChannelBaseAndMask
                0x08006288      0x134 ./Drivers/STM32H7xx_HAL_Driver/Src/stm32h7xx_hal_dma.o
 .text.DMA_CalcDMAMUXRequestGenBaseAndMask
                0x080063bc       0xe8 ./Drivers/STM32H7xx_HAL_Driver/Src/stm32h7xx_hal_dma.o
 .text.HAL_GPIO_Init
                0x080064a4      0x374 ./Drivers/STM32H7xx_HAL_Driver/Src/stm32h7xx_hal_gpio.o
                0x080064a4                HAL_GPIO_Init
 .text.HAL_GPIO_WritePin
                0x08006818       0x32 ./Drivers/STM32H7xx_HAL_Driver/Src/stm32h7xx_hal_gpio.o
                0x08006818                HAL_GPIO_WritePin
 *fill*         0x0800684a        0x2 
 .text.HAL_I2C_Init
                0x0800684c      0x138 ./Drivers/STM32H7xx_HAL_Driver/Src/stm32h7xx_hal_i2c.o
                0x0800684c                HAL_I2C_Init
 .text.HAL_I2C_Mem_Read_DMA
                0x08006984      0x1cc ./Drivers/STM32H7xx_HAL_Driver/Src/stm32h7xx_hal_i2c.o
                0x08006984                HAL_I2C_Mem_Read_DMA
 .text.HAL_I2C_MasterTxCpltCallback
                0x08006b50       0x14 ./Drivers/STM32H7xx_HAL_Driver/Src/stm32h7xx_hal_i2c.o
                0x08006b50                HAL_I2C_MasterTxCpltCallback
 .text.HAL_I2C_MasterRxCpltCallback
                0x08006b64       0x14 ./Drivers/STM32H7xx_HAL_Driver/Src/stm32h7xx_hal_i2c.o
                0x08006b64                HAL_I2C_MasterRxCpltCallback
 .text.HAL_I2C_SlaveTxCpltCallback
                0x08006b78       0x14 ./Drivers/STM32H7xx_HAL_Driver/Src/stm32h7xx_hal_i2c.o
                0x08006b78                HAL_I2C_SlaveTxCpltCallback
 .text.HAL_I2C_SlaveRxCpltCallback
                0x08006b8c       0x14 ./Drivers/STM32H7xx_HAL_Driver/Src/stm32h7xx_hal_i2c.o
                0x08006b8c                HAL_I2C_SlaveRxCpltCallback
 .text.HAL_I2C_AddrCallback
                0x08006ba0       0x1c ./Drivers/STM32H7xx_HAL_Driver/Src/stm32h7xx_hal_i2c.o
                0x08006ba0                HAL_I2C_AddrCallback
 .text.HAL_I2C_ListenCpltCallback
                0x08006bbc       0x14 ./Drivers/STM32H7xx_HAL_Driver/Src/stm32h7xx_hal_i2c.o
                0x08006bbc                HAL_I2C_ListenCpltCallback
 .text.HAL_I2C_MemTxCpltCallback
                0x08006bd0       0x14 ./Drivers/STM32H7xx_HAL_Driver/Src/stm32h7xx_hal_i2c.o
                0x08006bd0                HAL_I2C_MemTxCpltCallback
 .text.HAL_I2C_MemRxCpltCallback
                0x08006be4       0x14 ./Drivers/STM32H7xx_HAL_Driver/Src/stm32h7xx_hal_i2c.o
                0x08006be4                HAL_I2C_MemRxCpltCallback
 .text.HAL_I2C_ErrorCallback
                0x08006bf8       0x14 ./Drivers/STM32H7xx_HAL_Driver/Src/stm32h7xx_hal_i2c.o
                0x08006bf8                HAL_I2C_ErrorCallback
 .text.HAL_I2C_AbortCpltCallback
                0x08006c0c       0x14 ./Drivers/STM32H7xx_HAL_Driver/Src/stm32h7xx_hal_i2c.o
                0x08006c0c                HAL_I2C_AbortCpltCallback
 .text.I2C_Slave_ISR_IT
                0x08006c20      0x208 ./Drivers/STM32H7xx_HAL_Driver/Src/stm32h7xx_hal_i2c.o
 .text.I2C_Master_ISR_DMA
                0x08006e28      0x1e6 ./Drivers/STM32H7xx_HAL_Driver/Src/stm32h7xx_hal_i2c.o
 *fill*         0x0800700e        0x2 
 .text.I2C_Mem_ISR_DMA
                0x08007010      0x260 ./Drivers/STM32H7xx_HAL_Driver/Src/stm32h7xx_hal_i2c.o
 .text.I2C_Slave_ISR_DMA
                0x08007270      0x3c8 ./Drivers/STM32H7xx_HAL_Driver/Src/stm32h7xx_hal_i2c.o
 .text.I2C_ITAddrCplt
                0x08007638      0x108 ./Drivers/STM32H7xx_HAL_Driver/Src/stm32h7xx_hal_i2c.o
 .text.I2C_ITMasterSeqCplt
                0x08007740       0x7a ./Drivers/STM32H7xx_HAL_Driver/Src/stm32h7xx_hal_i2c.o
 .text.I2C_ITSlaveSeqCplt
                0x080077ba       0xbc ./Drivers/STM32H7xx_HAL_Driver/Src/stm32h7xx_hal_i2c.o
 *fill*         0x08007876        0x2 
 .text.I2C_ITMasterCplt
                0x08007878      0x194 ./Drivers/STM32H7xx_HAL_Driver/Src/stm32h7xx_hal_i2c.o
 .text.I2C_ITSlaveCplt
                0x08007a0c      0x4b4 ./Drivers/STM32H7xx_HAL_Driver/Src/stm32h7xx_hal_i2c.o
 .text.I2C_ITListenCplt
                0x08007ec0       0xac ./Drivers/STM32H7xx_HAL_Driver/Src/stm32h7xx_hal_i2c.o
 .text.I2C_ITError
                0x08007f6c      0x1e0 ./Drivers/STM32H7xx_HAL_Driver/Src/stm32h7xx_hal_i2c.o
 .text.I2C_TreatErrorCallback
                0x0800814c       0x4e ./Drivers/STM32H7xx_HAL_Driver/Src/stm32h7xx_hal_i2c.o
 .text.I2C_Flush_TXDR
                0x0800819a       0x48 ./Drivers/STM32H7xx_HAL_Driver/Src/stm32h7xx_hal_i2c.o
 .text.I2C_DMAMasterReceiveCplt
                0x080081e2       0x96 ./Drivers/STM32H7xx_HAL_Driver/Src/stm32h7xx_hal_i2c.o
 .text.I2C_DMAError
                0x08008278      0x274 ./Drivers/STM32H7xx_HAL_Driver/Src/stm32h7xx_hal_i2c.o
 .text.I2C_DMAAbort
                0x080084ec       0x3c ./Drivers/STM32H7xx_HAL_Driver/Src/stm32h7xx_hal_i2c.o
 .text.I2C_TransferConfig
                0x08008528       0x64 ./Drivers/STM32H7xx_HAL_Driver/Src/stm32h7xx_hal_i2c.o
 .text.I2C_Enable_IRQ
                0x0800858c      0x108 ./Drivers/STM32H7xx_HAL_Driver/Src/stm32h7xx_hal_i2c.o
 .text.I2C_Disable_IRQ
                0x08008694       0xbc ./Drivers/STM32H7xx_HAL_Driver/Src/stm32h7xx_hal_i2c.o
 .text.HAL_I2CEx_ConfigAnalogFilter
                0x08008750       0x96 ./Drivers/STM32H7xx_HAL_Driver/Src/stm32h7xx_hal_i2c_ex.o
                0x08008750                HAL_I2CEx_ConfigAnalogFilter
 .text.HAL_I2CEx_ConfigDigitalFilter
                0x080087e6       0x98 ./Drivers/STM32H7xx_HAL_Driver/Src/stm32h7xx_hal_i2c_ex.o
                0x080087e6                HAL_I2CEx_ConfigDigitalFilter
 .text.HAL_PCD_Init
                0x0800887e      0x218 ./Drivers/STM32H7xx_HAL_Driver/Src/stm32h7xx_hal_pcd.o
                0x0800887e                HAL_PCD_Init
 .text.HAL_PCD_Start
                0x08008a96       0x6a ./Drivers/STM32H7xx_HAL_Driver/Src/stm32h7xx_hal_pcd.o
                0x08008a96                HAL_PCD_Start
 .text.HAL_PCD_IRQHandler
                0x08008b00      0x9d0 ./Drivers/STM32H7xx_HAL_Driver/Src/stm32h7xx_hal_pcd.o
                0x08008b00                HAL_PCD_IRQHandler
 .text.HAL_PCD_SetAddress
                0x080094d0       0x48 ./Drivers/STM32H7xx_HAL_Driver/Src/stm32h7xx_hal_pcd.o
                0x080094d0                HAL_PCD_SetAddress
 .text.HAL_PCD_EP_Open
                0x08009518       0xd4 ./Drivers/STM32H7xx_HAL_Driver/Src/stm32h7xx_hal_pcd.o
                0x08009518                HAL_PCD_EP_Open
 .text.HAL_PCD_EP_Close
                0x080095ec       0x94 ./Drivers/STM32H7xx_HAL_Driver/Src/stm32h7xx_hal_pcd.o
                0x080095ec                HAL_PCD_EP_Close
 .text.HAL_PCD_EP_Receive
                0x08009680       0x76 ./Drivers/STM32H7xx_HAL_Driver/Src/stm32h7xx_hal_pcd.o
                0x08009680                HAL_PCD_EP_Receive
 .text.HAL_PCD_EP_GetRxCount
                0x080096f6       0x30 ./Drivers/STM32H7xx_HAL_Driver/Src/stm32h7xx_hal_pcd.o
                0x080096f6                HAL_PCD_EP_GetRxCount
 .text.HAL_PCD_EP_Transmit
                0x08009726       0x74 ./Drivers/STM32H7xx_HAL_Driver/Src/stm32h7xx_hal_pcd.o
                0x08009726                HAL_PCD_EP_Transmit
 .text.HAL_PCD_EP_SetStall
                0x0800979a       0xc6 ./Drivers/STM32H7xx_HAL_Driver/Src/stm32h7xx_hal_pcd.o
                0x0800979a                HAL_PCD_EP_SetStall
 .text.HAL_PCD_EP_ClrStall
                0x08009860       0xac ./Drivers/STM32H7xx_HAL_Driver/Src/stm32h7xx_hal_pcd.o
                0x08009860                HAL_PCD_EP_ClrStall
 .text.HAL_PCD_EP_Abort
                0x0800990c       0x62 ./Drivers/STM32H7xx_HAL_Driver/Src/stm32h7xx_hal_pcd.o
                0x0800990c                HAL_PCD_EP_Abort
 .text.PCD_WriteEmptyTxFifo
                0x0800996e      0x118 ./Drivers/STM32H7xx_HAL_Driver/Src/stm32h7xx_hal_pcd.o
 *fill*         0x08009a86        0x2 
 .text.PCD_EP_OutXfrComplete_int
                0x08009a88      0x1d0 ./Drivers/STM32H7xx_HAL_Driver/Src/stm32h7xx_hal_pcd.o
 .text.PCD_EP_OutSetupPacket_int
                0x08009c58       0x8c ./Drivers/STM32H7xx_HAL_Driver/Src/stm32h7xx_hal_pcd.o
 .text.HAL_PCDEx_SetTxFiFo
                0x08009ce4       0x8e ./Drivers/STM32H7xx_HAL_Driver/Src/stm32h7xx_hal_pcd_ex.o
                0x08009ce4                HAL_PCDEx_SetTxFiFo
 .text.HAL_PCDEx_SetRxFiFo
                0x08009d72       0x22 ./Drivers/STM32H7xx_HAL_Driver/Src/stm32h7xx_hal_pcd_ex.o
                0x08009d72                HAL_PCDEx_SetRxFiFo
 .text.HAL_PCDEx_ActivateLPM
                0x08009d94       0x48 ./Drivers/STM32H7xx_HAL_Driver/Src/stm32h7xx_hal_pcd_ex.o
                0x08009d94                HAL_PCDEx_ActivateLPM
 .text.HAL_PCDEx_LPM_Callback
                0x08009ddc       0x18 ./Drivers/STM32H7xx_HAL_Driver/Src/stm32h7xx_hal_pcd_ex.o
                0x08009ddc                HAL_PCDEx_LPM_Callback
 .text.HAL_PWREx_ConfigSupply
                0x08009df4       0x74 ./Drivers/STM32H7xx_HAL_Driver/Src/stm32h7xx_hal_pwr_ex.o
                0x08009df4                HAL_PWREx_ConfigSupply
 .text.HAL_PWREx_EnableUSBVoltageDetector
                0x08009e68       0x20 ./Drivers/STM32H7xx_HAL_Driver/Src/stm32h7xx_hal_pwr_ex.o
                0x08009e68                HAL_PWREx_EnableUSBVoltageDetector
 .text.HAL_RCC_OscConfig
                0x08009e88      0x8b4 ./Drivers/STM32H7xx_HAL_Driver/Src/stm32h7xx_hal_rcc.o
                0x08009e88                HAL_RCC_OscConfig
 .text.HAL_RCC_ClockConfig
                0x0800a73c      0x36c ./Drivers/STM32H7xx_HAL_Driver/Src/stm32h7xx_hal_rcc.o
                0x0800a73c                HAL_RCC_ClockConfig
 .text.HAL_RCC_GetSysClockFreq
                0x0800aaa8      0x2f4 ./Drivers/STM32H7xx_HAL_Driver/Src/stm32h7xx_hal_rcc.o
                0x0800aaa8                HAL_RCC_GetSysClockFreq
 .text.HAL_RCC_GetHCLKFreq
                0x0800ad9c       0x60 ./Drivers/STM32H7xx_HAL_Driver/Src/stm32h7xx_hal_rcc.o
                0x0800ad9c                HAL_RCC_GetHCLKFreq
 .text.HAL_RCC_GetPCLK1Freq
                0x0800adfc       0x2c ./Drivers/STM32H7xx_HAL_Driver/Src/stm32h7xx_hal_rcc.o
                0x0800adfc                HAL_RCC_GetPCLK1Freq
 .text.HAL_RCC_GetPCLK2Freq
                0x0800ae28       0x2c ./Drivers/STM32H7xx_HAL_Driver/Src/stm32h7xx_hal_rcc.o
                0x0800ae28                HAL_RCC_GetPCLK2Freq
 .text.HAL_RCCEx_PeriphCLKConfig
                0x0800ae54     0x1414 ./Drivers/STM32H7xx_HAL_Driver/Src/stm32h7xx_hal_rcc_ex.o
                0x0800ae54                HAL_RCCEx_PeriphCLKConfig
 .text.HAL_RCCEx_GetD3PCLK1Freq
                0x0800c268       0x2c ./Drivers/STM32H7xx_HAL_Driver/Src/stm32h7xx_hal_rcc_ex.o
                0x0800c268                HAL_RCCEx_GetD3PCLK1Freq
 .text.HAL_RCCEx_GetPLL2ClockFreq
                0x0800c294      0x2a8 ./Drivers/STM32H7xx_HAL_Driver/Src/stm32h7xx_hal_rcc_ex.o
                0x0800c294                HAL_RCCEx_GetPLL2ClockFreq
 .text.HAL_RCCEx_GetPLL3ClockFreq
                0x0800c53c      0x2a8 ./Drivers/STM32H7xx_HAL_Driver/Src/stm32h7xx_hal_rcc_ex.o
                0x0800c53c                HAL_RCCEx_GetPLL3ClockFreq
 .text.RCCEx_PLL2_Config
                0x0800c7e4      0x164 ./Drivers/STM32H7xx_HAL_Driver/Src/stm32h7xx_hal_rcc_ex.o
 .text.RCCEx_PLL3_Config
                0x0800c948      0x164 ./Drivers/STM32H7xx_HAL_Driver/Src/stm32h7xx_hal_rcc_ex.o
 .text.HAL_SPI_Init
                0x0800caac      0x248 ./Drivers/STM32H7xx_HAL_Driver/Src/stm32h7xx_hal_spi.o
                0x0800caac                HAL_SPI_Init
 .text.HAL_SPI_TransmitReceive
                0x0800ccf4      0x674 ./Drivers/STM32H7xx_HAL_Driver/Src/stm32h7xx_hal_spi.o
                0x0800ccf4                HAL_SPI_TransmitReceive
 .text.HAL_SPI_TransmitReceive_DMA
                0x0800d368      0x370 ./Drivers/STM32H7xx_HAL_Driver/Src/stm32h7xx_hal_spi.o
                0x0800d368                HAL_SPI_TransmitReceive_DMA
 .text.HAL_SPI_IRQHandler
                0x0800d6d8      0x39c ./Drivers/STM32H7xx_HAL_Driver/Src/stm32h7xx_hal_spi.o
                0x0800d6d8                HAL_SPI_IRQHandler
 .text.HAL_SPI_TxCpltCallback
                0x0800da74       0x14 ./Drivers/STM32H7xx_HAL_Driver/Src/stm32h7xx_hal_spi.o
                0x0800da74                HAL_SPI_TxCpltCallback
 .text.HAL_SPI_RxCpltCallback
                0x0800da88       0x14 ./Drivers/STM32H7xx_HAL_Driver/Src/stm32h7xx_hal_spi.o
                0x0800da88                HAL_SPI_RxCpltCallback
 .text.HAL_SPI_TxRxCpltCallback
                0x0800da9c       0x14 ./Drivers/STM32H7xx_HAL_Driver/Src/stm32h7xx_hal_spi.o
                0x0800da9c                HAL_SPI_TxRxCpltCallback
 .text.HAL_SPI_TxRxHalfCpltCallback
                0x0800dab0       0x14 ./Drivers/STM32H7xx_HAL_Driver/Src/stm32h7xx_hal_spi.o
                0x0800dab0                HAL_SPI_TxRxHalfCpltCallback
 .text.HAL_SPI_ErrorCallback
                0x0800dac4       0x14 ./Drivers/STM32H7xx_HAL_Driver/Src/stm32h7xx_hal_spi.o
                0x0800dac4                HAL_SPI_ErrorCallback
 .text.HAL_SPI_SuspendCallback
                0x0800dad8       0x14 ./Drivers/STM32H7xx_HAL_Driver/Src/stm32h7xx_hal_spi.o
                0x0800dad8                HAL_SPI_SuspendCallback
 .text.HAL_SPI_GetState
                0x0800daec       0x1c ./Drivers/STM32H7xx_HAL_Driver/Src/stm32h7xx_hal_spi.o
                0x0800daec                HAL_SPI_GetState
 .text.SPI_DMATransmitReceiveCplt
                0x0800db08       0x46 ./Drivers/STM32H7xx_HAL_Driver/Src/stm32h7xx_hal_spi.o
 .text.SPI_DMAHalfTransmitReceiveCplt
                0x0800db4e       0x1c ./Drivers/STM32H7xx_HAL_Driver/Src/stm32h7xx_hal_spi.o
 .text.SPI_DMAError
                0x0800db6a       0x46 ./Drivers/STM32H7xx_HAL_Driver/Src/stm32h7xx_hal_spi.o
 .text.SPI_DMAAbortOnError
                0x0800dbb0       0x34 ./Drivers/STM32H7xx_HAL_Driver/Src/stm32h7xx_hal_spi.o
 .text.SPI_CloseTransfer
                0x0800dbe4      0x140 ./Drivers/STM32H7xx_HAL_Driver/Src/stm32h7xx_hal_spi.o
 .text.SPI_WaitOnFlagUntilTimeout
                0x0800dd24       0x5c ./Drivers/STM32H7xx_HAL_Driver/Src/stm32h7xx_hal_spi.o
 .text.SPI_GetPacketSize
                0x0800dd80       0x36 ./Drivers/STM32H7xx_HAL_Driver/Src/stm32h7xx_hal_spi.o
 .text.HAL_TIM_Base_Init
                0x0800ddb6       0xae ./Drivers/STM32H7xx_HAL_Driver/Src/stm32h7xx_hal_tim.o
                0x0800ddb6                HAL_TIM_Base_Init
 .text.HAL_TIM_PWM_Init
                0x0800de64       0xae ./Drivers/STM32H7xx_HAL_Driver/Src/stm32h7xx_hal_tim.o
                0x0800de64                HAL_TIM_PWM_Init
 .text.HAL_TIM_PWM_MspInit
                0x0800df12       0x14 ./Drivers/STM32H7xx_HAL_Driver/Src/stm32h7xx_hal_tim.o
                0x0800df12                HAL_TIM_PWM_MspInit
 *fill*         0x0800df26        0x2 
 .text.HAL_TIM_PWM_Start
                0x0800df28      0x21c ./Drivers/STM32H7xx_HAL_Driver/Src/stm32h7xx_hal_tim.o
                0x0800df28                HAL_TIM_PWM_Start
 .text.HAL_TIM_PWM_ConfigChannel
                0x0800e144      0x228 ./Drivers/STM32H7xx_HAL_Driver/Src/stm32h7xx_hal_tim.o
                0x0800e144                HAL_TIM_PWM_ConfigChannel
 .text.HAL_TIM_ConfigClockSource
                0x0800e36c      0x1f0 ./Drivers/STM32H7xx_HAL_Driver/Src/stm32h7xx_hal_tim.o
                0x0800e36c                HAL_TIM_ConfigClockSource
 .text.TIM_Base_SetConfig
                0x0800e55c      0x140 ./Drivers/STM32H7xx_HAL_Driver/Src/stm32h7xx_hal_tim.o
                0x0800e55c                TIM_Base_SetConfig
 .text.TIM_OC1_SetConfig
                0x0800e69c      0x124 ./Drivers/STM32H7xx_HAL_Driver/Src/stm32h7xx_hal_tim.o
 .text.TIM_OC2_SetConfig
                0x0800e7c0      0x118 ./Drivers/STM32H7xx_HAL_Driver/Src/stm32h7xx_hal_tim.o
                0x0800e7c0                TIM_OC2_SetConfig
 .text.TIM_OC3_SetConfig
                0x0800e8d8      0x114 ./Drivers/STM32H7xx_HAL_Driver/Src/stm32h7xx_hal_tim.o
 .text.TIM_OC4_SetConfig
                0x0800e9ec       0xd4 ./Drivers/STM32H7xx_HAL_Driver/Src/stm32h7xx_hal_tim.o
 .text.TIM_OC5_SetConfig
                0x0800eac0       0xc8 ./Drivers/STM32H7xx_HAL_Driver/Src/stm32h7xx_hal_tim.o
 .text.TIM_OC6_SetConfig
                0x0800eb88       0xcc ./Drivers/STM32H7xx_HAL_Driver/Src/stm32h7xx_hal_tim.o
 .text.TIM_TI1_ConfigInputStage
                0x0800ec54       0xa8 ./Drivers/STM32H7xx_HAL_Driver/Src/stm32h7xx_hal_tim.o
 .text.TIM_TI2_ConfigInputStage
                0x0800ecfc       0x84 ./Drivers/STM32H7xx_HAL_Driver/Src/stm32h7xx_hal_tim.o
 .text.TIM_ITRx_SetConfig
                0x0800ed80       0x3c ./Drivers/STM32H7xx_HAL_Driver/Src/stm32h7xx_hal_tim.o
 .text.TIM_ETR_SetConfig
                0x0800edbc       0x40 ./Drivers/STM32H7xx_HAL_Driver/Src/stm32h7xx_hal_tim.o
                0x0800edbc                TIM_ETR_SetConfig
 .text.TIM_CCxChannelCmd
                0x0800edfc       0x4a ./Drivers/STM32H7xx_HAL_Driver/Src/stm32h7xx_hal_tim.o
                0x0800edfc                TIM_CCxChannelCmd
 *fill*         0x0800ee46        0x2 
 .text.HAL_TIMEx_MasterConfigSynchronization
                0x0800ee48      0x11c ./Drivers/STM32H7xx_HAL_Driver/Src/stm32h7xx_hal_tim_ex.o
                0x0800ee48                HAL_TIMEx_MasterConfigSynchronization
 .text.HAL_UART_Init
                0x0800ef64       0xa0 ./Drivers/STM32H7xx_HAL_Driver/Src/stm32h7xx_hal_uart.o
                0x0800ef64                HAL_UART_Init
 .text.HAL_UART_Receive_IT
                0x0800f004       0x98 ./Drivers/STM32H7xx_HAL_Driver/Src/stm32h7xx_hal_uart.o
                0x0800f004                HAL_UART_Receive_IT
 .text.HAL_UART_IRQHandler
                0x0800f09c      0x7ac ./Drivers/STM32H7xx_HAL_Driver/Src/stm32h7xx_hal_uart.o
                0x0800f09c                HAL_UART_IRQHandler
 .text.HAL_UART_TxCpltCallback
                0x0800f848       0x14 ./Drivers/STM32H7xx_HAL_Driver/Src/stm32h7xx_hal_uart.o
                0x0800f848                HAL_UART_TxCpltCallback
 .text.HAL_UARTEx_RxEventCallback
                0x0800f85c       0x18 ./Drivers/STM32H7xx_HAL_Driver/Src/stm32h7xx_hal_uart.o
                0x0800f85c                HAL_UARTEx_RxEventCallback
 .text.UART_SetConfig
                0x0800f874      0xad0 ./Drivers/STM32H7xx_HAL_Driver/Src/stm32h7xx_hal_uart.o
                0x0800f874                UART_SetConfig
 .text.UART_AdvFeatureConfig
                0x08010344      0x144 ./Drivers/STM32H7xx_HAL_Driver/Src/stm32h7xx_hal_uart.o
                0x08010344                UART_AdvFeatureConfig
 .text.UART_CheckIdleState
                0x08010488      0x154 ./Drivers/STM32H7xx_HAL_Driver/Src/stm32h7xx_hal_uart.o
                0x08010488                UART_CheckIdleState
 .text.UART_WaitOnFlagUntilTimeout
                0x080105dc       0xda ./Drivers/STM32H7xx_HAL_Driver/Src/stm32h7xx_hal_uart.o
                0x080105dc                UART_WaitOnFlagUntilTimeout
 *fill*         0x080106b6        0x2 
 .text.UART_Start_Receive_IT
                0x080106b8      0x244 ./Drivers/STM32H7xx_HAL_Driver/Src/stm32h7xx_hal_uart.o
                0x080106b8                UART_Start_Receive_IT
 .text.UART_EndRxTransfer
                0x080108fc       0xcc ./Drivers/STM32H7xx_HAL_Driver/Src/stm32h7xx_hal_uart.o
 .text.UART_DMAAbortOnError
                0x080109c8       0x1c ./Drivers/STM32H7xx_HAL_Driver/Src/stm32h7xx_hal_uart.o
 .text.UART_EndTransmit_IT
                0x080109e4       0x56 ./Drivers/STM32H7xx_HAL_Driver/Src/stm32h7xx_hal_uart.o
 *fill*         0x08010a3a        0x2 
 .text.UART_RxISR_8BIT
                0x08010a3c      0x1b8 ./Drivers/STM32H7xx_HAL_Driver/Src/stm32h7xx_hal_uart.o
 .text.UART_RxISR_16BIT
                0x08010bf4      0x1b8 ./Drivers/STM32H7xx_HAL_Driver/Src/stm32h7xx_hal_uart.o
 .text.UART_RxISR_8BIT_FIFOEN
                0x08010dac      0x364 ./Drivers/STM32H7xx_HAL_Driver/Src/stm32h7xx_hal_uart.o
 .text.UART_RxISR_16BIT_FIFOEN
                0x08011110      0x36c ./Drivers/STM32H7xx_HAL_Driver/Src/stm32h7xx_hal_uart.o
 .text.HAL_UARTEx_WakeupCallback
                0x0801147c       0x14 ./Drivers/STM32H7xx_HAL_Driver/Src/stm32h7xx_hal_uart_ex.o
                0x0801147c                HAL_UARTEx_WakeupCallback
 .text.HAL_UARTEx_RxFifoFullCallback
                0x08011490       0x14 ./Drivers/STM32H7xx_HAL_Driver/Src/stm32h7xx_hal_uart_ex.o
                0x08011490                HAL_UARTEx_RxFifoFullCallback
 .text.HAL_UARTEx_TxFifoEmptyCallback
                0x080114a4       0x14 ./Drivers/STM32H7xx_HAL_Driver/Src/stm32h7xx_hal_uart_ex.o
                0x080114a4                HAL_UARTEx_TxFifoEmptyCallback
 .text.HAL_UARTEx_DisableFifoMode
                0x080114b8       0x72 ./Drivers/STM32H7xx_HAL_Driver/Src/stm32h7xx_hal_uart_ex.o
                0x080114b8                HAL_UARTEx_DisableFifoMode
 .text.HAL_UARTEx_SetTxFifoThreshold
                0x0801152a       0x7c ./Drivers/STM32H7xx_HAL_Driver/Src/stm32h7xx_hal_uart_ex.o
                0x0801152a                HAL_UARTEx_SetTxFifoThreshold
 .text.HAL_UARTEx_SetRxFifoThreshold
                0x080115a6       0x7c ./Drivers/STM32H7xx_HAL_Driver/Src/stm32h7xx_hal_uart_ex.o
                0x080115a6                HAL_UARTEx_SetRxFifoThreshold
 *fill*         0x08011622        0x2 
 .text.UARTEx_SetNbDataToProcess
                0x08011624       0x9c ./Drivers/STM32H7xx_HAL_Driver/Src/stm32h7xx_hal_uart_ex.o
 .text.USB_CoreInit
                0x080116c0       0xf0 ./Drivers/STM32H7xx_HAL_Driver/Src/stm32h7xx_ll_usb.o
                0x080116c0                USB_CoreInit
 .text.USB_SetTurnaroundTime
                0x080117b0      0x144 ./Drivers/STM32H7xx_HAL_Driver/Src/stm32h7xx_ll_usb.o
                0x080117b0                USB_SetTurnaroundTime
 .text.USB_EnableGlobalInt
                0x080118f4       0x22 ./Drivers/STM32H7xx_HAL_Driver/Src/stm32h7xx_ll_usb.o
                0x080118f4                USB_EnableGlobalInt
 .text.USB_DisableGlobalInt
                0x08011916       0x22 ./Drivers/STM32H7xx_HAL_Driver/Src/stm32h7xx_ll_usb.o
                0x08011916                USB_DisableGlobalInt
 .text.USB_SetCurrentMode
                0x08011938       0x98 ./Drivers/STM32H7xx_HAL_Driver/Src/stm32h7xx_ll_usb.o
                0x08011938                USB_SetCurrentMode
 .text.USB_DevInit
                0x080119d0      0x2bc ./Drivers/STM32H7xx_HAL_Driver/Src/stm32h7xx_ll_usb.o
                0x080119d0                USB_DevInit
 .text.USB_FlushTxFifo
                0x08011c8c       0x64 ./Drivers/STM32H7xx_HAL_Driver/Src/stm32h7xx_ll_usb.o
                0x08011c8c                USB_FlushTxFifo
 .text.USB_FlushRxFifo
                0x08011cf0       0x5c ./Drivers/STM32H7xx_HAL_Driver/Src/stm32h7xx_ll_usb.o
                0x08011cf0                USB_FlushRxFifo
 .text.USB_SetDevSpeed
                0x08011d4c       0x32 ./Drivers/STM32H7xx_HAL_Driver/Src/stm32h7xx_ll_usb.o
                0x08011d4c                USB_SetDevSpeed
 .text.USB_GetDevSpeed
                0x08011d7e       0x4a ./Drivers/STM32H7xx_HAL_Driver/Src/stm32h7xx_ll_usb.o
                0x08011d7e                USB_GetDevSpeed
 .text.USB_ActivateEndpoint
                0x08011dc8      0x110 ./Drivers/STM32H7xx_HAL_Driver/Src/stm32h7xx_ll_usb.o
                0x08011dc8                USB_ActivateEndpoint
 .text.USB_DeactivateEndpoint
                0x08011ed8      0x1b8 ./Drivers/STM32H7xx_HAL_Driver/Src/stm32h7xx_ll_usb.o
                0x08011ed8                USB_DeactivateEndpoint
 .text.USB_EPStartXfer
                0x08012090      0x548 ./Drivers/STM32H7xx_HAL_Driver/Src/stm32h7xx_ll_usb.o
                0x08012090                USB_EPStartXfer
 .text.USB_EPStopXfer
                0x080125d8      0x1fa ./Drivers/STM32H7xx_HAL_Driver/Src/stm32h7xx_ll_usb.o
                0x080125d8                USB_EPStopXfer
 .text.USB_EPSetStall
                0x080127d2       0xdc ./Drivers/STM32H7xx_HAL_Driver/Src/stm32h7xx_ll_usb.o
                0x080127d2                USB_EPSetStall
 .text.USB_EPClearStall
                0x080128ae       0xcc ./Drivers/STM32H7xx_HAL_Driver/Src/stm32h7xx_ll_usb.o
                0x080128ae                USB_EPClearStall
 .text.USB_WritePacket
                0x0801297a       0x7c ./Drivers/STM32H7xx_HAL_Driver/Src/stm32h7xx_ll_usb.o
                0x0801297a                USB_WritePacket
 .text.USB_ReadPacket
                0x080129f6       0xb0 ./Drivers/STM32H7xx_HAL_Driver/Src/stm32h7xx_ll_usb.o
                0x080129f6                USB_ReadPacket
 .text.USB_SetDevAddress
                0x08012aa6       0x4c ./Drivers/STM32H7xx_HAL_Driver/Src/stm32h7xx_ll_usb.o
                0x08012aa6                USB_SetDevAddress
 .text.USB_DevConnect
                0x08012af2       0x42 ./Drivers/STM32H7xx_HAL_Driver/Src/stm32h7xx_ll_usb.o
                0x08012af2                USB_DevConnect
 .text.USB_DevDisconnect
                0x08012b34       0x42 ./Drivers/STM32H7xx_HAL_Driver/Src/stm32h7xx_ll_usb.o
                0x08012b34                USB_DevDisconnect
 .text.USB_ReadInterrupts
                0x08012b76       0x26 ./Drivers/STM32H7xx_HAL_Driver/Src/stm32h7xx_ll_usb.o
                0x08012b76                USB_ReadInterrupts
 .text.USB_ReadDevAllOutEpInterrupt
                0x08012b9c       0x34 ./Drivers/STM32H7xx_HAL_Driver/Src/stm32h7xx_ll_usb.o
                0x08012b9c                USB_ReadDevAllOutEpInterrupt
 .text.USB_ReadDevAllInEpInterrupt
                0x08012bd0       0x34 ./Drivers/STM32H7xx_HAL_Driver/Src/stm32h7xx_ll_usb.o
                0x08012bd0                USB_ReadDevAllInEpInterrupt
 .text.USB_ReadDevOutEPInterrupt
                0x08012c04       0x3c ./Drivers/STM32H7xx_HAL_Driver/Src/stm32h7xx_ll_usb.o
                0x08012c04                USB_ReadDevOutEPInterrupt
 .text.USB_ReadDevInEPInterrupt
                0x08012c40       0x5c ./Drivers/STM32H7xx_HAL_Driver/Src/stm32h7xx_ll_usb.o
                0x08012c40                USB_ReadDevInEPInterrupt
 .text.USB_GetMode
                0x08012c9c       0x1c ./Drivers/STM32H7xx_HAL_Driver/Src/stm32h7xx_ll_usb.o
                0x08012c9c                USB_GetMode
 .text.USB_ActivateSetup
                0x08012cb8       0x48 ./Drivers/STM32H7xx_HAL_Driver/Src/stm32h7xx_ll_usb.o
                0x08012cb8                USB_ActivateSetup
 .text.USB_EP0_OutStart
                0x08012d00       0xbc ./Drivers/STM32H7xx_HAL_Driver/Src/stm32h7xx_ll_usb.o
                0x08012d00                USB_EP0_OutStart
 .text.USB_CoreReset
                0x08012dbc       0x70 ./Drivers/STM32H7xx_HAL_Driver/Src/stm32h7xx_ll_usb.o
 .text.USBD_CDC_Init
                0x08012e2c      0x1f0 ./Middlewares/ST/STM32_USB_Device_Library/Class/CDC/Src/usbd_cdc.o
 .text.USBD_CDC_DeInit
                0x0801301c      0x104 ./Middlewares/ST/STM32_USB_Device_Library/Class/CDC/Src/usbd_cdc.o
 .text.USBD_CDC_Setup
                0x08013120      0x1b8 ./Middlewares/ST/STM32_USB_Device_Library/Class/CDC/Src/usbd_cdc.o
 .text.USBD_CDC_DataIn
                0x080132d8       0xfe ./Middlewares/ST/STM32_USB_Device_Library/Class/CDC/Src/usbd_cdc.o
 .text.USBD_CDC_DataOut
                0x080133d6       0x70 ./Middlewares/ST/STM32_USB_Device_Library/Class/CDC/Src/usbd_cdc.o
 .text.USBD_CDC_EP0_RxReady
                0x08013446       0x74 ./Middlewares/ST/STM32_USB_Device_Library/Class/CDC/Src/usbd_cdc.o
 *fill*         0x080134ba        0x2 
 .text.USBD_CDC_GetFSCfgDesc
                0x080134bc       0x70 ./Middlewares/ST/STM32_USB_Device_Library/Class/CDC/Src/usbd_cdc.o
 .text.USBD_CDC_GetHSCfgDesc
                0x0801352c       0x70 ./Middlewares/ST/STM32_USB_Device_Library/Class/CDC/Src/usbd_cdc.o
 .text.USBD_CDC_GetOtherSpeedCfgDesc
                0x0801359c       0x70 ./Middlewares/ST/STM32_USB_Device_Library/Class/CDC/Src/usbd_cdc.o
 .text.USBD_CDC_GetDeviceQualifierDescriptor
                0x0801360c       0x20 ./Middlewares/ST/STM32_USB_Device_Library/Class/CDC/Src/usbd_cdc.o
                0x0801360c                USBD_CDC_GetDeviceQualifierDescriptor
 .text.USBD_CDC_RegisterInterface
                0x0801362c       0x34 ./Middlewares/ST/STM32_USB_Device_Library/Class/CDC/Src/usbd_cdc.o
                0x0801362c                USBD_CDC_RegisterInterface
 .text.USBD_CDC_SetTxBuffer
                0x08013660       0x44 ./Middlewares/ST/STM32_USB_Device_Library/Class/CDC/Src/usbd_cdc.o
                0x08013660                USBD_CDC_SetTxBuffer
 .text.USBD_CDC_SetRxBuffer
                0x080136a4       0x3a ./Middlewares/ST/STM32_USB_Device_Library/Class/CDC/Src/usbd_cdc.o
                0x080136a4                USBD_CDC_SetRxBuffer
 *fill*         0x080136de        0x2 
 .text.USBD_CDC_ReceivePacket
                0x080136e0       0x6c ./Middlewares/ST/STM32_USB_Device_Library/Class/CDC/Src/usbd_cdc.o
                0x080136e0                USBD_CDC_ReceivePacket
 .text.USBD_Init
                0x0801374c       0x60 ./Middlewares/ST/STM32_USB_Device_Library/Core/Src/usbd_core.o
                0x0801374c                USBD_Init
 .text.USBD_RegisterClass
                0x080137ac       0x6c ./Middlewares/ST/STM32_USB_Device_Library/Core/Src/usbd_core.o
                0x080137ac                USBD_RegisterClass
 .text.USBD_Start
                0x08013818       0x18 ./Middlewares/ST/STM32_USB_Device_Library/Core/Src/usbd_core.o
                0x08013818                USBD_Start
 .text.USBD_RunTestMode
                0x08013830       0x16 ./Middlewares/ST/STM32_USB_Device_Library/Core/Src/usbd_core.o
                0x08013830                USBD_RunTestMode
 .text.USBD_SetClassConfig
                0x08013846       0x38 ./Middlewares/ST/STM32_USB_Device_Library/Core/Src/usbd_core.o
                0x08013846                USBD_SetClassConfig
 .text.USBD_ClrClassConfig
                0x0801387e       0x34 ./Middlewares/ST/STM32_USB_Device_Library/Core/Src/usbd_core.o
                0x0801387e                USBD_ClrClassConfig
 .text.USBD_LL_SetupStage
                0x080138b2       0xaa ./Middlewares/ST/STM32_USB_Device_Library/Core/Src/usbd_core.o
                0x080138b2                USBD_LL_SetupStage
 .text.USBD_LL_DataOutStage
                0x0801395c      0x178 ./Middlewares/ST/STM32_USB_Device_Library/Core/Src/usbd_core.o
                0x0801395c                USBD_LL_DataOutStage
 .text.USBD_LL_DataInStage
                0x08013ad4      0x176 ./Middlewares/ST/STM32_USB_Device_Library/Core/Src/usbd_core.o
                0x08013ad4                USBD_LL_DataInStage
 .text.USBD_LL_Reset
                0x08013c4a       0xa6 ./Middlewares/ST/STM32_USB_Device_Library/Core/Src/usbd_core.o
                0x08013c4a                USBD_LL_Reset
 .text.USBD_LL_SetSpeed
                0x08013cf0       0x20 ./Middlewares/ST/STM32_USB_Device_Library/Core/Src/usbd_core.o
                0x08013cf0                USBD_LL_SetSpeed
 .text.USBD_LL_Suspend
                0x08013d10       0x38 ./Middlewares/ST/STM32_USB_Device_Library/Core/Src/usbd_core.o
                0x08013d10                USBD_LL_Suspend
 .text.USBD_LL_Resume
                0x08013d48       0x30 ./Middlewares/ST/STM32_USB_Device_Library/Core/Src/usbd_core.o
                0x08013d48                USBD_LL_Resume
 .text.USBD_LL_SOF
                0x08013d78       0x40 ./Middlewares/ST/STM32_USB_Device_Library/Core/Src/usbd_core.o
                0x08013d78                USBD_LL_SOF
 .text.USBD_LL_IsoINIncomplete
                0x08013db8       0x64 ./Middlewares/ST/STM32_USB_Device_Library/Core/Src/usbd_core.o
                0x08013db8                USBD_LL_IsoINIncomplete
 .text.USBD_LL_IsoOUTIncomplete
                0x08013e1c       0x64 ./Middlewares/ST/STM32_USB_Device_Library/Core/Src/usbd_core.o
                0x08013e1c                USBD_LL_IsoOUTIncomplete
 .text.USBD_LL_DevConnected
                0x08013e80       0x16 ./Middlewares/ST/STM32_USB_Device_Library/Core/Src/usbd_core.o
                0x08013e80                USBD_LL_DevConnected
 .text.USBD_LL_DevDisconnected
                0x08013e96       0x46 ./Middlewares/ST/STM32_USB_Device_Library/Core/Src/usbd_core.o
                0x08013e96                USBD_LL_DevDisconnected
 .text.USBD_CoreFindIF
                0x08013edc       0x1a ./Middlewares/ST/STM32_USB_Device_Library/Core/Src/usbd_core.o
                0x08013edc                USBD_CoreFindIF
 .text.USBD_CoreFindEP
                0x08013ef6       0x1a ./Middlewares/ST/STM32_USB_Device_Library/Core/Src/usbd_core.o
                0x08013ef6                USBD_CoreFindEP
 .text.USBD_GetEpDesc
                0x08013f10       0x70 ./Middlewares/ST/STM32_USB_Device_Library/Core/Src/usbd_core.o
                0x08013f10                USBD_GetEpDesc
 .text.USBD_GetNextDesc
                0x08013f80       0x38 ./Middlewares/ST/STM32_USB_Device_Library/Core/Src/usbd_core.o
                0x08013f80                USBD_GetNextDesc
 .text.SWAPBYTE
                0x08013fb8       0x3e ./Middlewares/ST/STM32_USB_Device_Library/Core/Src/usbd_ctlreq.o
 *fill*         0x08013ff6        0x2 
 .text.USBD_StdDevReq
                0x08013ff8       0xe4 ./Middlewares/ST/STM32_USB_Device_Library/Core/Src/usbd_ctlreq.o
                0x08013ff8                USBD_StdDevReq
 .text.USBD_StdItfReq
                0x080140dc       0xd8 ./Middlewares/ST/STM32_USB_Device_Library/Core/Src/usbd_ctlreq.o
                0x080140dc                USBD_StdItfReq
 .text.USBD_StdEPReq
                0x080141b4      0x33e ./Middlewares/ST/STM32_USB_Device_Library/Core/Src/usbd_ctlreq.o
                0x080141b4                USBD_StdEPReq
 *fill*         0x080144f2        0x2 
 .text.USBD_GetDescriptor
                0x080144f4      0x328 ./Middlewares/ST/STM32_USB_Device_Library/Core/Src/usbd_ctlreq.o
 .text.USBD_SetAddress
                0x0801481c       0x88 ./Middlewares/ST/STM32_USB_Device_Library/Core/Src/usbd_ctlreq.o
 .text.USBD_SetConfig
                0x080148a4      0x154 ./Middlewares/ST/STM32_USB_Device_Library/Core/Src/usbd_ctlreq.o
 .text.USBD_GetConfig
                0x080149f8       0x6c ./Middlewares/ST/STM32_USB_Device_Library/Core/Src/usbd_ctlreq.o
 .text.USBD_GetStatus
                0x08014a64       0x68 ./Middlewares/ST/STM32_USB_Device_Library/Core/Src/usbd_ctlreq.o
 .text.USBD_SetFeature
                0x08014acc       0x52 ./Middlewares/ST/STM32_USB_Device_Library/Core/Src/usbd_ctlreq.o
 .text.USBD_ClrFeature
                0x08014b1e       0x44 ./Middlewares/ST/STM32_USB_Device_Library/Core/Src/usbd_ctlreq.o
 .text.USBD_ParseSetupRequest
                0x08014b62       0x74 ./Middlewares/ST/STM32_USB_Device_Library/Core/Src/usbd_ctlreq.o
                0x08014b62                USBD_ParseSetupRequest
 .text.USBD_CtlError
                0x08014bd6       0x22 ./Middlewares/ST/STM32_USB_Device_Library/Core/Src/usbd_ctlreq.o
                0x08014bd6                USBD_CtlError
 .text.USBD_GetString
                0x08014bf8       0xa4 ./Middlewares/ST/STM32_USB_Device_Library/Core/Src/usbd_ctlreq.o
                0x08014bf8                USBD_GetString
 .text.USBD_GetLen
                0x08014c9c       0x34 ./Middlewares/ST/STM32_USB_Device_Library/Core/Src/usbd_ctlreq.o
 .text.USBD_CtlSendData
                0x08014cd0       0x3c ./Middlewares/ST/STM32_USB_Device_Library/Core/Src/usbd_ioreq.o
                0x08014cd0                USBD_CtlSendData
 .text.USBD_CtlContinueSendData
                0x08014d0c       0x22 ./Middlewares/ST/STM32_USB_Device_Library/Core/Src/usbd_ioreq.o
                0x08014d0c                USBD_CtlContinueSendData
 .text.USBD_CtlPrepareRx
                0x08014d2e       0x42 ./Middlewares/ST/STM32_USB_Device_Library/Core/Src/usbd_ioreq.o
                0x08014d2e                USBD_CtlPrepareRx
 .text.USBD_CtlContinueRx
                0x08014d70       0x22 ./Middlewares/ST/STM32_USB_Device_Library/Core/Src/usbd_ioreq.o
                0x08014d70                USBD_CtlContinueRx
 .text.USBD_CtlSendStatus
                0x08014d92       0x26 ./Middlewares/ST/STM32_USB_Device_Library/Core/Src/usbd_ioreq.o
                0x08014d92                USBD_CtlSendStatus
 .text.USBD_CtlReceiveStatus
                0x08014db8       0x26 ./Middlewares/ST/STM32_USB_Device_Library/Core/Src/usbd_ioreq.o
                0x08014db8                USBD_CtlReceiveStatus
 *fill*         0x08014dde        0x2 
 .text.MX_USB_DEVICE_Init
                0x08014de0       0x64 ./USB_DEVICE/App/usb_device.o
                0x08014de0                MX_USB_DEVICE_Init
 .text.CDC_Init_FS
                0x08014e44       0x28 ./USB_DEVICE/App/usbd_cdc_if.o
 .text.CDC_DeInit_FS
                0x08014e6c       0x10 ./USB_DEVICE/App/usbd_cdc_if.o
 .text.CDC_Control_FS
                0x08014e7c      0x15c ./USB_DEVICE/App/usbd_cdc_if.o
 .text.CDC_Receive_FS
                0x08014fd8       0x28 ./USB_DEVICE/App/usbd_cdc_if.o
 .text.CDC_TransmitCplt_FS
                0x08015000       0x22 ./USB_DEVICE/App/usbd_cdc_if.o
 *fill*         0x08015022        0x2 
 .text.USBD_FS_DeviceDescriptor
                0x08015024       0x24 ./USB_DEVICE/App/usbd_desc.o
                0x08015024                USBD_FS_DeviceDescriptor
 .text.USBD_FS_LangIDStrDescriptor
                0x08015048       0x24 ./USB_DEVICE/App/usbd_desc.o
                0x08015048                USBD_FS_LangIDStrDescriptor
 .text.USBD_FS_ProductStrDescriptor
                0x0801506c       0x3c ./USB_DEVICE/App/usbd_desc.o
                0x0801506c                USBD_FS_ProductStrDescriptor
 .text.USBD_FS_ManufacturerStrDescriptor
                0x080150a8       0x28 ./USB_DEVICE/App/usbd_desc.o
                0x080150a8                USBD_FS_ManufacturerStrDescriptor
 .text.USBD_FS_SerialStrDescriptor
                0x080150d0       0x24 ./USB_DEVICE/App/usbd_desc.o
                0x080150d0                USBD_FS_SerialStrDescriptor
 .text.USBD_FS_ConfigStrDescriptor
                0x080150f4       0x3c ./USB_DEVICE/App/usbd_desc.o
                0x080150f4                USBD_FS_ConfigStrDescriptor
 .text.USBD_FS_InterfaceStrDescriptor
                0x08015130       0x3c ./USB_DEVICE/App/usbd_desc.o
                0x08015130                USBD_FS_InterfaceStrDescriptor
 .text.Get_SerialNum
                0x0801516c       0x58 ./USB_DEVICE/App/usbd_desc.o
 .text.IntToUnicode
                0x080151c4       0x7e ./USB_DEVICE/App/usbd_desc.o
 *fill*         0x08015242        0x2 
 .text.HAL_PCD_MspInit
                0x08015244       0xe8 ./USB_DEVICE/Target/usbd_conf.o
                0x08015244                HAL_PCD_MspInit
 .text.HAL_PCD_SetupStageCallback
                0x0801532c       0x24 ./USB_DEVICE/Target/usbd_conf.o
                0x0801532c                HAL_PCD_SetupStageCallback
 .text.HAL_PCD_DataOutStageCallback
                0x08015350       0x36 ./USB_DEVICE/Target/usbd_conf.o
                0x08015350                HAL_PCD_DataOutStageCallback
 .text.HAL_PCD_DataInStageCallback
                0x08015386       0x34 ./USB_DEVICE/Target/usbd_conf.o
                0x08015386                HAL_PCD_DataInStageCallback
 .text.HAL_PCD_SOFCallback
                0x080153ba       0x1c ./USB_DEVICE/Target/usbd_conf.o
                0x080153ba                HAL_PCD_SOFCallback
 .text.HAL_PCD_ResetCallback
                0x080153d6       0x50 ./USB_DEVICE/Target/usbd_conf.o
                0x080153d6                HAL_PCD_ResetCallback
 *fill*         0x08015426        0x2 
 .text.HAL_PCD_SuspendCallback
                0x08015428       0x4c ./USB_DEVICE/Target/usbd_conf.o
                0x08015428                HAL_PCD_SuspendCallback
 .text.HAL_PCD_ResumeCallback
                0x08015474       0x1c ./USB_DEVICE/Target/usbd_conf.o
                0x08015474                HAL_PCD_ResumeCallback
 .text.HAL_PCD_ISOOUTIncompleteCallback
                0x08015490       0x24 ./USB_DEVICE/Target/usbd_conf.o
                0x08015490                HAL_PCD_ISOOUTIncompleteCallback
 .text.HAL_PCD_ISOINIncompleteCallback
                0x080154b4       0x24 ./USB_DEVICE/Target/usbd_conf.o
                0x080154b4                HAL_PCD_ISOINIncompleteCallback
 .text.HAL_PCD_ConnectCallback
                0x080154d8       0x1c ./USB_DEVICE/Target/usbd_conf.o
                0x080154d8                HAL_PCD_ConnectCallback
 .text.HAL_PCD_DisconnectCallback
                0x080154f4       0x1c ./USB_DEVICE/Target/usbd_conf.o
                0x080154f4                HAL_PCD_DisconnectCallback
 .text.USBD_LL_Init
                0x08015510       0xa0 ./USB_DEVICE/Target/usbd_conf.o
                0x08015510                USBD_LL_Init
 .text.USBD_LL_Start
                0x080155b0       0x36 ./USB_DEVICE/Target/usbd_conf.o
                0x080155b0                USBD_LL_Start
 .text.USBD_LL_OpenEP
                0x080155e6       0x4c ./USB_DEVICE/Target/usbd_conf.o
                0x080155e6                USBD_LL_OpenEP
 .text.USBD_LL_CloseEP
                0x08015632       0x3e ./USB_DEVICE/Target/usbd_conf.o
                0x08015632                USBD_LL_CloseEP
 .text.USBD_LL_StallEP
                0x08015670       0x3e ./USB_DEVICE/Target/usbd_conf.o
                0x08015670                USBD_LL_StallEP
 .text.USBD_LL_ClearStallEP
                0x080156ae       0x3e ./USB_DEVICE/Target/usbd_conf.o
                0x080156ae                USBD_LL_ClearStallEP
 .text.USBD_LL_IsStallEP
                0x080156ec       0x58 ./USB_DEVICE/Target/usbd_conf.o
                0x080156ec                USBD_LL_IsStallEP
 .text.USBD_LL_SetUSBAddress
                0x08015744       0x3e ./USB_DEVICE/Target/usbd_conf.o
                0x08015744                USBD_LL_SetUSBAddress
 .text.USBD_LL_Transmit
                0x08015782       0x42 ./USB_DEVICE/Target/usbd_conf.o
                0x08015782                USBD_LL_Transmit
 .text.USBD_LL_PrepareReceive
                0x080157c4       0x42 ./USB_DEVICE/Target/usbd_conf.o
                0x080157c4                USBD_LL_PrepareReceive
 .text.USBD_LL_GetRxDataSize
                0x08015806       0x26 ./USB_DEVICE/Target/usbd_conf.o
                0x08015806                USBD_LL_GetRxDataSize
 .text.USBD_static_malloc
                0x0801582c       0x1c ./USB_DEVICE/Target/usbd_conf.o
                0x0801582c                USBD_static_malloc
 .text.USBD_static_free
                0x08015848       0x14 ./USB_DEVICE/Target/usbd_conf.o
                0x08015848                USBD_static_free
 .text.USBD_Get_USB_Status
                0x0801585c       0x58 ./USB_DEVICE/Target/usbd_conf.o
                0x0801585c                USBD_Get_USB_Status
 .text.std      0x080158b4       0x6c /Applications/STM32CubeIDE.app/Contents/Eclipse/plugins/com.st.stm32cube.ide.mcu.externaltools.gnu-tools-for-stm32.14.3.rel1.macosaarch64_1.0.0.202602081740/tools/bin/../lib/gcc/arm-none-eabi/14.3.1/../../../../arm-none-eabi/lib/thumb/v7e-m+dp/hard/libc_nano.a(libc_a-findfp.o)
 .text.stdio_exit_handler
                0x08015920       0x18 /Applications/STM32CubeIDE.app/Contents/Eclipse/plugins/com.st.stm32cube.ide.mcu.externaltools.gnu-tools-for-stm32.14.3.rel1.macosaarch64_1.0.0.202602081740/tools/bin/../lib/gcc/arm-none-eabi/14.3.1/../../../../arm-none-eabi/lib/thumb/v7e-m+dp/hard/libc_nano.a(libc_a-findfp.o)
 .text.cleanup_stdio
                0x08015938       0x40 /Applications/STM32CubeIDE.app/Contents/Eclipse/plugins/com.st.stm32cube.ide.mcu.externaltools.gnu-tools-for-stm32.14.3.rel1.macosaarch64_1.0.0.202602081740/tools/bin/../lib/gcc/arm-none-eabi/14.3.1/../../../../arm-none-eabi/lib/thumb/v7e-m+dp/hard/libc_nano.a(libc_a-findfp.o)
 .text.global_stdio_init.part.0
                0x08015978       0x40 /Applications/STM32CubeIDE.app/Contents/Eclipse/plugins/com.st.stm32cube.ide.mcu.externaltools.gnu-tools-for-stm32.14.3.rel1.macosaarch64_1.0.0.202602081740/tools/bin/../lib/gcc/arm-none-eabi/14.3.1/../../../../arm-none-eabi/lib/thumb/v7e-m+dp/hard/libc_nano.a(libc_a-findfp.o)
 .text.__sfp_lock_acquire
                0x080159b8        0xc /Applications/STM32CubeIDE.app/Contents/Eclipse/plugins/com.st.stm32cube.ide.mcu.externaltools.gnu-tools-for-stm32.14.3.rel1.macosaarch64_1.0.0.202602081740/tools/bin/../lib/gcc/arm-none-eabi/14.3.1/../../../../arm-none-eabi/lib/thumb/v7e-m+dp/hard/libc_nano.a(libc_a-findfp.o)
                0x080159b8                __sfp_lock_acquire
 .text.__sfp_lock_release
                0x080159c4        0xc /Applications/STM32CubeIDE.app/Contents/Eclipse/plugins/com.st.stm32cube.ide.mcu.externaltools.gnu-tools-for-stm32.14.3.rel1.macosaarch64_1.0.0.202602081740/tools/bin/../lib/gcc/arm-none-eabi/14.3.1/../../../../arm-none-eabi/lib/thumb/v7e-m+dp/hard/libc_nano.a(libc_a-findfp.o)
                0x080159c4                __sfp_lock_release
 .text.__sinit  0x080159d0       0x30 /Applications/STM32CubeIDE.app/Contents/Eclipse/plugins/com.st.stm32cube.ide.mcu.externaltools.gnu-tools-for-stm32.14.3.rel1.macosaarch64_1.0.0.202602081740/tools/bin/../lib/gcc/arm-none-eabi/14.3.1/../../../../arm-none-eabi/lib/thumb/v7e-m+dp/hard/libc_nano.a(libc_a-findfp.o)
                0x080159d0                __sinit
 .text._fwalk_sglue
                0x08015a00       0x3c /Applications/STM32CubeIDE.app/Contents/Eclipse/plugins/com.st.stm32cube.ide.mcu.externaltools.gnu-tools-for-stm32.14.3.rel1.macosaarch64_1.0.0.202602081740/tools/bin/../lib/gcc/arm-none-eabi/14.3.1/../../../../arm-none-eabi/lib/thumb/v7e-m+dp/hard/libc_nano.a(libc_a-fwalk.o)
                0x08015a00                _fwalk_sglue
 .text._puts_r  0x08015a3c       0xaa /Applications/STM32CubeIDE.app/Contents/Eclipse/plugins/com.st.stm32cube.ide.mcu.externaltools.gnu-tools-for-stm32.14.3.rel1.macosaarch64_1.0.0.202602081740/tools/bin/../lib/gcc/arm-none-eabi/14.3.1/../../../../arm-none-eabi/lib/thumb/v7e-m+dp/hard/libc_nano.a(libc_a-puts.o)
                0x08015a3c                _puts_r
 *fill*         0x08015ae6        0x2 
 .text.puts     0x08015ae8       0x10 /Applications/STM32CubeIDE.app/Contents/Eclipse/plugins/com.st.stm32cube.ide.mcu.externaltools.gnu-tools-for-stm32.14.3.rel1.macosaarch64_1.0.0.202602081740/tools/bin/../lib/gcc/arm-none-eabi/14.3.1/../../../../arm-none-eabi/lib/thumb/v7e-m+dp/hard/libc_nano.a(libc_a-puts.o)
                0x08015ae8                puts
 .text.memset   0x08015af8       0x10 /Applications/STM32CubeIDE.app/Contents/Eclipse/plugins/com.st.stm32cube.ide.mcu.externaltools.gnu-tools-for-stm32.14.3.rel1.macosaarch64_1.0.0.202602081740/tools/bin/../lib/gcc/arm-none-eabi/14.3.1/../../../../arm-none-eabi/lib/thumb/v7e-m+dp/hard/libc_nano.a(libc_a-memset.o)
                0x08015af8                memset
 .text.__errno  0x08015b08        0xc /Applications/STM32CubeIDE.app/Contents/Eclipse/plugins/com.st.stm32cube.ide.mcu.externaltools.gnu-tools-for-stm32.14.3.rel1.macosaarch64_1.0.0.202602081740/tools/bin/../lib/gcc/arm-none-eabi/14.3.1/../../../../arm-none-eabi/lib/thumb/v7e-m+dp/hard/libc_nano.a(libc_a-errno.o)
                0x08015b08                __errno
 .text.__libc_init_array
                0x08015b14       0x48 /Applications/STM32CubeIDE.app/Contents/Eclipse/plugins/com.st.stm32cube.ide.mcu.externaltools.gnu-tools-for-stm32.14.3.rel1.macosaarch64_1.0.0.202602081740/tools/bin/../lib/gcc/arm-none-eabi/14.3.1/../../../../arm-none-eabi/lib/thumb/v7e-m+dp/hard/libc_nano.a(libc_a-init.o)
                0x08015b14                __libc_init_array
 .text.__retarget_lock_init_recursive
                0x08015b5c        0x2 /Applications/STM32CubeIDE.app/Contents/Eclipse/plugins/com.st.stm32cube.ide.mcu.externaltools.gnu-tools-for-stm32.14.3.rel1.macosaarch64_1.0.0.202602081740/tools/bin/../lib/gcc/arm-none-eabi/14.3.1/../../../../arm-none-eabi/lib/thumb/v7e-m+dp/hard/libc_nano.a(libc_a-lock.o)
                0x08015b5c                __retarget_lock_init_recursive
 .text.__retarget_lock_acquire_recursive
                0x08015b5e        0x2 /Applications/STM32CubeIDE.app/Contents/Eclipse/plugins/com.st.stm32cube.ide.mcu.externaltools.gnu-tools-for-stm32.14.3.rel1.macosaarch64_1.0.0.202602081740/tools/bin/../lib/gcc/arm-none-eabi/14.3.1/../../../../arm-none-eabi/lib/thumb/v7e-m+dp/hard/libc_nano.a(libc_a-lock.o)
                0x08015b5e                __retarget_lock_acquire_recursive
 .text.__retarget_lock_release_recursive
                0x08015b60        0x2 /Applications/STM32CubeIDE.app/Contents/Eclipse/plugins/com.st.stm32cube.ide.mcu.externaltools.gnu-tools-for-stm32.14.3.rel1.macosaarch64_1.0.0.202602081740/tools/bin/../lib/gcc/arm-none-eabi/14.3.1/../../../../arm-none-eabi/lib/thumb/v7e-m+dp/hard/libc_nano.a(libc_a-lock.o)
                0x08015b60                __retarget_lock_release_recursive
 .text.copysignf
                0x08015b62       0x16 /Applications/STM32CubeIDE.app/Contents/Eclipse/plugins/com.st.stm32cube.ide.mcu.externaltools.gnu-tools-for-stm32.14.3.rel1.macosaarch64_1.0.0.202602081740/tools/bin/../lib/gcc/arm-none-eabi/14.3.1/../../../../arm-none-eabi/lib/thumb/v7e-m+dp/hard/libc_nano.a(libm_a-sf_copysign.o)
                0x08015b62                copysignf
 .text.sbrk_aligned
                0x08015b78       0x44 /Applications/STM32CubeIDE.app/Contents/Eclipse/plugins/com.st.stm32cube.ide.mcu.externaltools.gnu-tools-for-stm32.14.3.rel1.macosaarch64_1.0.0.202602081740/tools/bin/../lib/gcc/arm-none-eabi/14.3.1/../../../../arm-none-eabi/lib/thumb/v7e-m+dp/hard/libc_nano.a(libc_a-mallocr.o)
 .text._malloc_r
                0x08015bbc      0x100 /Applications/STM32CubeIDE.app/Contents/Eclipse/plugins/com.st.stm32cube.ide.mcu.externaltools.gnu-tools-for-stm32.14.3.rel1.macosaarch64_1.0.0.202602081740/tools/bin/../lib/gcc/arm-none-eabi/14.3.1/../../../../arm-none-eabi/lib/thumb/v7e-m+dp/hard/libc_nano.a(libc_a-mallocr.o)
                0x08015bbc                _malloc_r
 .text.__sflush_r
                0x08015cbc      0x104 /Applications/STM32CubeIDE.app/Contents/Eclipse/plugins/com.st.stm32cube.ide.mcu.externaltools.gnu-tools-for-stm32.14.3.rel1.macosaarch64_1.0.0.202602081740/tools/bin/../lib/gcc/arm-none-eabi/14.3.1/../../../../arm-none-eabi/lib/thumb/v7e-m+dp/hard/libc_nano.a(libc_a-fflush.o)
                0x08015cbc                __sflush_r
 .text._fflush_r
                0x08015dc0       0x50 /Applications/STM32CubeIDE.app/Contents/Eclipse/plugins/com.st.stm32cube.ide.mcu.externaltools.gnu-tools-for-stm32.14.3.rel1.macosaarch64_1.0.0.202602081740/tools/bin/../lib/gcc/arm-none-eabi/14.3.1/../../../../arm-none-eabi/lib/thumb/v7e-m+dp/hard/libc_nano.a(libc_a-fflush.o)
                0x08015dc0                _fflush_r
 .text.__malloc_lock
                0x08015e10        0xc /Applications/STM32CubeIDE.app/Contents/Eclipse/plugins/com.st.stm32cube.ide.mcu.externaltools.gnu-tools-for-stm32.14.3.rel1.macosaarch64_1.0.0.202602081740/tools/bin/../lib/gcc/arm-none-eabi/14.3.1/../../../../arm-none-eabi/lib/thumb/v7e-m+dp/hard/libc_nano.a(libc_a-mlock.o)
                0x08015e10                __malloc_lock
 .text.__malloc_unlock
                0x08015e1c        0xc /Applications/STM32CubeIDE.app/Contents/Eclipse/plugins/com.st.stm32cube.ide.mcu.externaltools.gnu-tools-for-stm32.14.3.rel1.macosaarch64_1.0.0.202602081740/tools/bin/../lib/gcc/arm-none-eabi/14.3.1/../../../../arm-none-eabi/lib/thumb/v7e-m+dp/hard/libc_nano.a(libc_a-mlock.o)
                0x08015e1c                __malloc_unlock
 .text.__sread  0x08015e28       0x22 /Applications/STM32CubeIDE.app/Contents/Eclipse/plugins/com.st.stm32cube.ide.mcu.externaltools.gnu-tools-for-stm32.14.3.rel1.macosaarch64_1.0.0.202602081740/tools/bin/../lib/gcc/arm-none-eabi/14.3.1/../../../../arm-none-eabi/lib/thumb/v7e-m+dp/hard/libc_nano.a(libc_a-stdio.o)
                0x08015e28                __sread
 .text.__swrite
                0x08015e4a       0x38 /Applications/STM32CubeIDE.app/Contents/Eclipse/plugins/com.st.stm32cube.ide.mcu.externaltools.gnu-tools-for-stm32.14.3.rel1.macosaarch64_1.0.0.202602081740/tools/bin/../lib/gcc/arm-none-eabi/14.3.1/../../../../arm-none-eabi/lib/thumb/v7e-m+dp/hard/libc_nano.a(libc_a-stdio.o)
                0x08015e4a                __swrite
 .text.__sseek  0x08015e82       0x26 /Applications/STM32CubeIDE.app/Contents/Eclipse/plugins/com.st.stm32cube.ide.mcu.externaltools.gnu-tools-for-stm32.14.3.rel1.macosaarch64_1.0.0.202602081740/tools/bin/../lib/gcc/arm-none-eabi/14.3.1/../../../../arm-none-eabi/lib/thumb/v7e-m+dp/hard/libc_nano.a(libc_a-stdio.o)
                0x08015e82                __sseek
 .text.__sclose
                0x08015ea8        0x8 /Applications/STM32CubeIDE.app/Contents/Eclipse/plugins/com.st.stm32cube.ide.mcu.externaltools.gnu-tools-for-stm32.14.3.rel1.macosaarch64_1.0.0.202602081740/tools/bin/../lib/gcc/arm-none-eabi/14.3.1/../../../../arm-none-eabi/lib/thumb/v7e-m+dp/hard/libc_nano.a(libc_a-stdio.o)
                0x08015ea8                __sclose
 .text.__swbuf_r
                0x08015eb0       0x7c /Applications/STM32CubeIDE.app/Contents/Eclipse/plugins/com.st.stm32cube.ide.mcu.externaltools.gnu-tools-for-stm32.14.3.rel1.macosaarch64_1.0.0.202602081740/tools/bin/../lib/gcc/arm-none-eabi/14.3.1/../../../../arm-none-eabi/lib/thumb/v7e-m+dp/hard/libc_nano.a(libc_a-wbuf.o)
                0x08015eb0                __swbuf_r
 .text.__swsetup_r
                0x08015f2c       0xa8 /Applications/STM32CubeIDE.app/Contents/Eclipse/plugins/com.st.stm32cube.ide.mcu.externaltools.gnu-tools-for-stm32.14.3.rel1.macosaarch64_1.0.0.202602081740/tools/bin/../lib/gcc/arm-none-eabi/14.3.1/../../../../arm-none-eabi/lib/thumb/v7e-m+dp/hard/libc_nano.a(libc_a-wsetup.o)
                0x08015f2c                __swsetup_r
 .text.__swhatbuf_r
                0x08015fd4       0x48 /Applications/STM32CubeIDE.app/Contents/Eclipse/plugins/com.st.stm32cube.ide.mcu.externaltools.gnu-tools-for-stm32.14.3.rel1.macosaarch64_1.0.0.202602081740/tools/bin/../lib/gcc/arm-none-eabi/14.3.1/../../../../arm-none-eabi/lib/thumb/v7e-m+dp/hard/libc_nano.a(libc_a-makebuf.o)
                0x08015fd4                __swhatbuf_r
 .text.__smakebuf_r
                0x0801601c       0x72 /Applications/STM32CubeIDE.app/Contents/Eclipse/plugins/com.st.stm32cube.ide.mcu.externaltools.gnu-tools-for-stm32.14.3.rel1.macosaarch64_1.0.0.202602081740/tools/bin/../lib/gcc/arm-none-eabi/14.3.1/../../../../arm-none-eabi/lib/thumb/v7e-m+dp/hard/libc_nano.a(libc_a-makebuf.o)
                0x0801601c                __smakebuf_r
 *fill*         0x0801608e        0x2 
 .text._isatty_r
                0x08016090       0x20 /Applications/STM32CubeIDE.app/Contents/Eclipse/plugins/com.st.stm32cube.ide.mcu.externaltools.gnu-tools-for-stm32.14.3.rel1.macosaarch64_1.0.0.202602081740/tools/bin/../lib/gcc/arm-none-eabi/14.3.1/../../../../arm-none-eabi/lib/thumb/v7e-m+dp/hard/libc_nano.a(libc_a-isattyr.o)
                0x08016090                _isatty_r
 .text._lseek_r
                0x080160b0       0x24 /Applications/STM32CubeIDE.app/Contents/Eclipse/plugins/com.st.stm32cube.ide.mcu.externaltools.gnu-tools-for-stm32.14.3.rel1.macosaarch64_1.0.0.202602081740/tools/bin/../lib/gcc/arm-none-eabi/14.3.1/../../../../arm-none-eabi/lib/thumb/v7e-m+dp/hard/libc_nano.a(libc_a-lseekr.o)
                0x080160b0                _lseek_r
 .text._read_r  0x080160d4       0x24 /Applications/STM32CubeIDE.app/Contents/Eclipse/plugins/com.st.stm32cube.ide.mcu.externaltools.gnu-tools-for-stm32.14.3.rel1.macosaarch64_1.0.0.202602081740/tools/bin/../lib/gcc/arm-none-eabi/14.3.1/../../../../arm-none-eabi/lib/thumb/v7e-m+dp/hard/libc_nano.a(libc_a-readr.o)
                0x080160d4                _read_r
 .text._sbrk_r  0x080160f8       0x20 /Applications/STM32CubeIDE.app/Contents/Eclipse/plugins/com.st.stm32cube.ide.mcu.externaltools.gnu-tools-for-stm32.14.3.rel1.macosaarch64_1.0.0.202602081740/tools/bin/../lib/gcc/arm-none-eabi/14.3.1/../../../../arm-none-eabi/lib/thumb/v7e-m+dp/hard/libc_nano.a(libc_a-sbrkr.o)
                0x080160f8                _sbrk_r
 .text._write_r
                0x08016118       0x24 /Applications/STM32CubeIDE.app/Contents/Eclipse/plugins/com.st.stm32cube.ide.mcu.externaltools.gnu-tools-for-stm32.14.3.rel1.macosaarch64_1.0.0.202602081740/tools/bin/../lib/gcc/arm-none-eabi/14.3.1/../../../../arm-none-eabi/lib/thumb/v7e-m+dp/hard/libc_nano.a(libc_a-writer.o)
                0x08016118                _write_r
 .text._close_r
                0x0801613c       0x20 /Applications/STM32CubeIDE.app/Contents/Eclipse/plugins/com.st.stm32cube.ide.mcu.externaltools.gnu-tools-for-stm32.14.3.rel1.macosaarch64_1.0.0.202602081740/tools/bin/../lib/gcc/arm-none-eabi/14.3.1/../../../../arm-none-eabi/lib/thumb/v7e-m+dp/hard/libc_nano.a(libc_a-closer.o)
                0x0801613c                _close_r
 .text._fstat_r
                0x0801615c       0x24 /Applications/STM32CubeIDE.app/Contents/Eclipse/plugins/com.st.stm32cube.ide.mcu.externaltools.gnu-tools-for-stm32.14.3.rel1.macosaarch64_1.0.0.202602081740/tools/bin/../lib/gcc/arm-none-eabi/14.3.1/../../../../arm-none-eabi/lib/thumb/v7e-m+dp/hard/libc_nano.a(libc_a-fstatr.o)
                0x0801615c                _fstat_r
 .text._free_r  0x08016180       0x94 /Applications/STM32CubeIDE.app/Contents/Eclipse/plugins/com.st.stm32cube.ide.mcu.externaltools.gnu-tools-for-stm32.14.3.rel1.macosaarch64_1.0.0.202602081740/tools/bin/../lib/gcc/arm-none-eabi/14.3.1/../../../../arm-none-eabi/lib/thumb/v7e-m+dp/hard/libc_nano.a(libc_a-freer.o)
                0x08016180                _free_r
 .text.asinf    0x08016214       0x58 /Applications/STM32CubeIDE.app/Contents/Eclipse/plugins/com.st.stm32cube.ide.mcu.externaltools.gnu-tools-for-stm32.14.3.rel1.macosaarch64_1.0.0.202602081740/tools/bin/../lib/gcc/arm-none-eabi/14.3.1/../../../../arm-none-eabi/lib/thumb/v7e-m+dp/hard/libm.a(libm_a-wf_asin.o)
                0x08016214                asinf
 .text.atan2f   0x0801626c        0x4 /Applications/STM32CubeIDE.app/Contents/Eclipse/plugins/com.st.stm32cube.ide.mcu.externaltools.gnu-tools-for-stm32.14.3.rel1.macosaarch64_1.0.0.202602081740/tools/bin/../lib/gcc/arm-none-eabi/14.3.1/../../../../arm-none-eabi/lib/thumb/v7e-m+dp/hard/libm.a(libm_a-wf_atan2.o)
                0x0801626c                atan2f
 .text.powf     0x08016270      0x338 /Applications/STM32CubeIDE.app/Contents/Eclipse/plugins/com.st.stm32cube.ide.mcu.externaltools.gnu-tools-for-stm32.14.3.rel1.macosaarch64_1.0.0.202602081740/tools/bin/../lib/gcc/arm-none-eabi/14.3.1/../../../../arm-none-eabi/lib/thumb/v7e-m+dp/hard/libm.a(libm_a-sf_pow.o)
                0x08016270                powf
 .text.with_errnof
                0x080165a8       0x1c /Applications/STM32CubeIDE.app/Contents/Eclipse/plugins/com.st.stm32cube.ide.mcu.externaltools.gnu-tools-for-stm32.14.3.rel1.macosaarch64_1.0.0.202602081740/tools/bin/../lib/gcc/arm-none-eabi/14.3.1/../../../../arm-none-eabi/lib/thumb/v7e-m+dp/hard/libm.a(libm_a-math_errf.o)
 .text.xflowf   0x080165c4       0x20 /Applications/STM32CubeIDE.app/Contents/Eclipse/plugins/com.st.stm32cube.ide.mcu.externaltools.gnu-tools-for-stm32.14.3.rel1.macosaarch64_1.0.0.202602081740/tools/bin/../lib/gcc/arm-none-eabi/14.3.1/../../../../arm-none-eabi/lib/thumb/v7e-m+dp/hard/libm.a(libm_a-math_errf.o)
 .text.__math_uflowf
                0x080165e4        0xc /Applications/STM32CubeIDE.app/Contents/Eclipse/plugins/com.st.stm32cube.ide.mcu.externaltools.gnu-tools-for-stm32.14.3.rel1.macosaarch64_1.0.0.202602081740/tools/bin/../lib/gcc/arm-none-eabi/14.3.1/../../../../arm-none-eabi/lib/thumb/v7e-m+dp/hard/libm.a(libm_a-math_errf.o)
                0x080165e4                __math_uflowf
 .text.__math_may_uflowf
                0x080165f0        0xc /Applications/STM32CubeIDE.app/Contents/Eclipse/plugins/com.st.stm32cube.ide.mcu.externaltools.gnu-tools-for-stm32.14.3.rel1.macosaarch64_1.0.0.202602081740/tools/bin/../lib/gcc/arm-none-eabi/14.3.1/../../../../arm-none-eabi/lib/thumb/v7e-m+dp/hard/libm.a(libm_a-math_errf.o)
                0x080165f0                __math_may_uflowf
 .text.__math_oflowf
                0x080165fc        0xc /Applications/STM32CubeIDE.app/Contents/Eclipse/plugins/com.st.stm32cube.ide.mcu.externaltools.gnu-tools-for-stm32.14.3.rel1.macosaarch64_1.0.0.202602081740/tools/bin/../lib/gcc/arm-none-eabi/14.3.1/../../../../arm-none-eabi/lib/thumb/v7e-m+dp/hard/libm.a(libm_a-math_errf.o)
                0x080165fc                __math_oflowf
 .text.__math_divzerof
                0x08016608       0x24 /Applications/STM32CubeIDE.app/Contents/Eclipse/plugins/com.st.stm32cube.ide.mcu.externaltools.gnu-tools-for-stm32.14.3.rel1.macosaarch64_1.0.0.202602081740/tools/bin/../lib/gcc/arm-none-eabi/14.3.1/../../../../arm-none-eabi/lib/thumb/v7e-m+dp/hard/libm.a(libm_a-math_errf.o)
                0x08016608                __math_divzerof
 .text.__math_invalidf
                0x0801662c       0x20 /Applications/STM32CubeIDE.app/Contents/Eclipse/plugins/com.st.stm32cube.ide.mcu.externaltools.gnu-tools-for-stm32.14.3.rel1.macosaarch64_1.0.0.202602081740/tools/bin/../lib/gcc/arm-none-eabi/14.3.1/../../../../arm-none-eabi/lib/thumb/v7e-m+dp/hard/libm.a(libm_a-math_errf.o)
                0x0801662c                __math_invalidf