../Core/Src/main.c:172:5:main	56	static
../Core/Src/main.c:449:6:SystemClock_Config	120	static
../Core/Src/main.c:509:13:MX_I2C2_Init	8	static
../Core/Src/main.c:557:13:MX_SPI2_Init	8	static
../Core/Src/main.c:605:13:MX_SPI3_Init	8	static
../Core/Src/main.c:653:13:MX_TIM5_Init	64	static
../Core/Src/main.c:724:13:MX_UART7_Init	8	static
../Core/Src/main.c:770:13:MX_DMA_Init	16	static
../Core/Src/main.c:816:13:MX_GPIO_Init	48	static
../Core/Src/main.c:879:6:MPU_Config	24	static
../Core/Src/main.c:910:6:Error_Handler	4	static,ignoring_inline_asm
