../Core/Src/pid.c:12:14:Vec3_Dot	16	static
../Core/Src/pid.c:19:13:Vec3_Cross	24	static
../Core/Src/pid.c:26:14:Vec3_Norm	24	static
../Core/Src/pid.c:33:13:Vec3_Normalize	24	static
../Core/Src/pid.c:51:6:Vec3_Cross_Normalized	24	static
../Core/Src/pid.c:58:13:Mat3_FromColumns	32	static
../Core/Src/pid.c:72:21:Quat_Conjugate	64	static
../Core/Src/pid.c:82:21:Quat_Multiply	64	static
../Core/Src/pid.c:91:21:RotationMatrix_To_Quaternion	96	static
../Core/Src/pid.c:137:14:Sign_NonZero	16	static
../Core/Src/pid.c:142:13:IntegrateYaw	24	static
../Core/Src/pid.c:152:13:Acceleration_Controller	56	static
../Core/Src/pid.c:182:13:DesiredDirection	24	static
../Core/Src/pid.c:188:27:Force_n_Yaw_2_Attitude	136	static
../Core/Src/pid.c:214:13:Attitude_Controller	64	static
../Core/Src/pid.c:230:13:Rate_Controller	64	static
../Core/Src/pid.c:272:23:Task_Due	24	static
../Core/Src/pid.c:283:6:MapInput	40	static
../Core/Src/pid.c:293:6:InitState	24	static
../Core/Src/pid.c:302:6:Global_Controller	88	static
